<html>
<body>
<pre>
<h1>µVision Build Log</h1>
<h2>Tool Versions:</h2>
IDE-Version: µVision V5.24.2.0
Copyright (C) 2017 ARM Ltd and ARM Germany GmbH. All rights reserved.
License Information: Hai Chau Thanh, BKU, LIC=JDAQD-871CS-48ZFA-1PZ6W-BPK17-G2ZRR
 
Tool Versions:
Toolchain:       MDK-ARM Professional  Version: 5.24.1
Toolchain Path:  F:\Keil_v5\ARM\ARMCC\Bin
C Compiler:      Armcc.exe V5.06 update 5 (build 528)
Assembler:       Armasm.exe V5.06 update 5 (build 528)
Linker/Locator:  ArmLink.exe V5.06 update 5 (build 528)
Library Manager: ArmAr.exe V5.06 update 5 (build 528)
Hex Converter:   FromElf.exe V5.06 update 5 (build 528)
CPU DLL:         SARMCM3.DLL V5.24.1
Dialog DLL:      DCM.DLL V1.16.0.0
Target DLL:      STLink\ST-LINKIII-KEIL_SWO.dll V3.0.1.0
Dialog DLL:      TCM.DLL V1.32.0.0
 
<h2>Project:</h2>
E:\Master\VIAMLAB\AUV Project\AUV_Driver_BLDC\BLDC_Driver_ARM_non_cont_update\BLDC_Driver_ARM.uvprojx
Project File Date:  04/07/2020

<h2>Output:</h2>
*** Using Compiler 'V5.06 update 5 (build 528)', folder: 'F:\Keil_v5\ARM\ARMCC\Bin'
Build target 'Control_BLDC'
compiling main.c...
compiling User_HALLSensor.c...
compiling User_PWM.c...
compiling User_CAN.c...
User_CAN.c(13): warning:  #177-D: variable "_IDCANBUS_ARM_2"  was declared but never referenced
  static int _IDCANBUS_ARM_2 = 0x122;
User_CAN.c(15): warning:  #177-D: variable "_IDCANBUS_PISTOL"  was declared but never referenced
  static int _IDCANBUS_PISTOL = 0x124;
User_CAN.c(16): warning:  #177-D: variable "_IDCANBUS_THRUSTER"  was declared but never referenced
  static int _IDCANBUS_THRUSTER = 0x125;
User_CAN.c(17): warning:  #177-D: variable "_IDCANBUS_EPC"  was declared but never referenced
  static int _IDCANBUS_EPC = 0x126;
User_CAN.c: 4 warnings, 0 errors
compiling User_Algorithm.c...
compiling User_ADC.c...
linking...
Program Size: Code=16496 RO-data=424 RW-data=216 ZI-data=4224  
FromELF: creating hex file...
".\Objects\BLDC_Driver_ARM.axf" - 0 Error(s), 4 Warning(s).

<h2>Software Packages used:</h2>

Package Vendor: ARM
                http://www.keil.com/pack/ARM.CMSIS.5.3.0.pack
                ARM.CMSIS.5.3.0
                CMSIS (Cortex Microcontroller Software Interface Standard)
   * Component: CORE Version: 5.1.1

Package Vendor: Keil
                http://www.keil.com/pack/Keil.STM32F1xx_DFP.2.2.0.pack
                Keil.STM32F1xx_DFP.2.2.0
                STMicroelectronics STM32F1 Series Device Support, Drivers and Examples
   * Component: Startup Version: 1.0.0

<h2>Collection of Component include folders:</h2>
  .\RTE\Device\STM32F103C8
  .\RTE\_Control_BLDC
  F:\Keil_v5\ARM\PACK\ARM\CMSIS\5.3.0\CMSIS\Include
  F:\Keil_v5\ARM\PACK\Keil\STM32F1xx_DFP\2.2.0\Device\Include

<h2>Collection of Component Files used:</h2>

   * Component: Keil::Device:Startup:1.0.0
      Source file:   Device\Source\ARM\startup_stm32f10x_md.s
      Source file:   Device\Source\system_stm32f10x.c
      Include file:  RTE_Driver\Config\RTE_Device.h
      Source file:   Device\Source\ARM\STM32F1xx_OPT.s

   * Component: ARM::CMSIS:CORE:5.1.1
Build Time Elapsed:  00:00:04
</pre>
</body>
</html>
