Component: ARM Compiler 5.06 update 5 (build 528) Tool: armlink [4d35e2]

==============================================================================

Section Cross References

    main.o(i.Clock_HSE_Configuration) refers to stm32f10x_rcc.o(i.RCC_DeInit) for RCC_DeInit
    main.o(i.Clock_HSE_Configuration) refers to stm32f10x_rcc.o(i.RCC_HSEConfig) for RCC_HSEConfig
    main.o(i.Clock_HSE_Configuration) refers to stm32f10x_rcc.o(i.RCC_WaitForHSEStartUp) for RCC_WaitForHSEStartUp
    main.o(i.Clock_HSE_Configuration) refers to stm32f10x_flash.o(i.FLASH_PrefetchBufferCmd) for FLASH_PrefetchBufferCmd
    main.o(i.Clock_HSE_Configuration) refers to stm32f10x_flash.o(i.FLASH_SetLatency) for FLASH_SetLatency
    main.o(i.Clock_HSE_Configuration) refers to stm32f10x_rcc.o(i.RCC_HCLKConfig) for RCC_HCLKConfig
    main.o(i.Clock_HSE_Configuration) refers to stm32f10x_rcc.o(i.RCC_PCLK2Config) for RCC_PCLK2Config
    main.o(i.Clock_HSE_Configuration) refers to stm32f10x_rcc.o(i.RCC_PCLK1Config) for RCC_PCLK1Config
    main.o(i.Clock_HSE_Configuration) refers to stm32f10x_rcc.o(i.RCC_PLLConfig) for RCC_PLLConfig
    main.o(i.Clock_HSE_Configuration) refers to stm32f10x_rcc.o(i.RCC_PLLCmd) for RCC_PLLCmd
    main.o(i.Clock_HSE_Configuration) refers to stm32f10x_rcc.o(i.RCC_GetFlagStatus) for RCC_GetFlagStatus
    main.o(i.Clock_HSE_Configuration) refers to stm32f10x_rcc.o(i.RCC_SYSCLKConfig) for RCC_SYSCLKConfig
    main.o(i.Clock_HSE_Configuration) refers to stm32f10x_rcc.o(i.RCC_GetSYSCLKSource) for RCC_GetSYSCLKSource
    main.o(i.Clock_HSE_Configuration) refers to main.o(.data) for HSEStartUpStatus
    main.o(i.Delay) refers to main.o(.data) for TimingDelay
    main.o(i.main) refers to main.o(i.Clock_HSE_Configuration) for Clock_HSE_Configuration
    main.o(i.main) refers to stm32f10x_rcc.o(i.RCC_GetClocksFreq) for RCC_GetClocksFreq
    main.o(i.main) refers to system_stm32f10x_1.o(i.SystemCoreClockUpdate) for SystemCoreClockUpdate
    main.o(i.main) refers to user_delay.o(i.UDELAY_Configure) for UDELAY_Configure
    main.o(i.main) refers to user_pwm.o(i.UPWM_GPIO_Configure) for UPWM_GPIO_Configure
    main.o(i.main) refers to user_pwm.o(i.UPWM_TIM_Configure) for UPWM_TIM_Configure
    main.o(i.main) refers to user_hallsensor.o(i.UHALL_GPIO_Configure) for UHALL_GPIO_Configure
    main.o(i.main) refers to user_can.o(i.UCAN_GPIO_Configure) for UCAN_GPIO_Configure
    main.o(i.main) refers to user_can.o(i.UCAN_CAN_Configure) for UCAN_CAN_Configure
    main.o(i.main) refers to user_hallsensor.o(i.UHALL_TIM_Configure) for UHALL_TIM_Configure
    main.o(i.main) refers to user_pwm.o(i.UPWM_StopPWM) for UPWM_StopPWM
    main.o(i.main) refers to user_adc.o(i.UADC_GPIO_Configure) for UADC_GPIO_Configure
    main.o(i.main) refers to user_adc.o(i.UADC_ADC_DMA_Configure) for UADC_ADC_DMA_Configure
    main.o(i.main) refers to user_delay.o(i.UDELAY_ms) for UDELAY_ms
    main.o(i.main) refers to user_algorithm.o(i.UALTHM_UpdateParameters) for UALTHM_UpdateParameters
    main.o(i.main) refers to main.o(.bss) for RCC_ClockFreq
    main.o(i.main) refers to main.o(.data) for clock_source
    user_pwm.o(i.UPWM_ControlBLDCFET) refers to user_hallsensor.o(i.UHALL_GetHALLHA) for UHALL_GetHALLHA
    user_pwm.o(i.UPWM_ControlBLDCFET) refers to stm32f10x_tim.o(i.TIM_SelectOCxM) for TIM_SelectOCxM
    user_pwm.o(i.UPWM_ControlBLDCFET) refers to stm32f10x_tim.o(i.TIM_CCxCmd) for TIM_CCxCmd
    user_pwm.o(i.UPWM_ControlBLDCFET) refers to stm32f10x_tim.o(i.TIM_CCxNCmd) for TIM_CCxNCmd
    user_pwm.o(i.UPWM_ControlBLDCFET) refers to user_hallsensor.o(i.UHALL_GetHALLLA) for UHALL_GetHALLLA
    user_pwm.o(i.UPWM_ControlBLDCFET) refers to user_hallsensor.o(i.UHALL_GetHALLHB) for UHALL_GetHALLHB
    user_pwm.o(i.UPWM_ControlBLDCFET) refers to user_hallsensor.o(i.UHALL_GetHALLLB) for UHALL_GetHALLLB
    user_pwm.o(i.UPWM_ControlBLDCFET) refers to user_hallsensor.o(i.UHALL_GetHALLHC) for UHALL_GetHALLHC
    user_pwm.o(i.UPWM_ControlBLDCFET) refers to user_hallsensor.o(i.UHALL_GetHALLLC) for UHALL_GetHALLLC
    user_pwm.o(i.UPWM_GPIO_Configure) refers to stm32f10x_rcc.o(i.RCC_APB2PeriphClockCmd) for RCC_APB2PeriphClockCmd
    user_pwm.o(i.UPWM_GPIO_Configure) refers to stm32f10x_gpio.o(i.GPIO_Init) for GPIO_Init
    user_pwm.o(i.UPWM_GetBytesDutyCycle) refers to stm32f10x_tim.o(i.TIM_GetCapture1) for TIM_GetCapture1
    user_pwm.o(i.UPWM_GetBytesDutyCycle) refers to ffltui.o(.text) for __aeabi_ui2f
    user_pwm.o(i.UPWM_GetBytesDutyCycle) refers to f2d.o(.text) for __aeabi_f2d
    user_pwm.o(i.UPWM_GetBytesDutyCycle) refers to dmul.o(.text) for __aeabi_dmul
    user_pwm.o(i.UPWM_GetBytesDutyCycle) refers to ddiv.o(.text) for __aeabi_ddiv
    user_pwm.o(i.UPWM_GetBytesDutyCycle) refers to d2f.o(.text) for __aeabi_d2f
    user_pwm.o(i.UPWM_GetBytesDutyCycle) refers to user_pwm.o(.data) for UPWM_RefDutyCycle
    user_pwm.o(i.UPWM_GetDutyCycle) refers to user_pwm.o(.data) for UPWM_DutyCycle
[...]
    Removing stm32f10x_tim.o(i.TIM_SelectOutputTrigger), (18 bytes).
    Removing stm32f10x_tim.o(i.TIM_SelectSlaveMode), (18 bytes).
    Removing stm32f10x_tim.o(i.TIM_SetAutoreload), (4 bytes).
    Removing stm32f10x_tim.o(i.TIM_SetClockDivision), (18 bytes).
    Removing stm32f10x_tim.o(i.TIM_SetCompare4), (6 bytes).
    Removing stm32f10x_tim.o(i.TIM_SetIC1Prescaler), (18 bytes).
    Removing stm32f10x_tim.o(i.TIM_SetIC2Prescaler), (26 bytes).
    Removing stm32f10x_tim.o(i.TIM_SetIC3Prescaler), (18 bytes).
    Removing stm32f10x_tim.o(i.TIM_SetIC4Prescaler), (26 bytes).
    Removing stm32f10x_tim.o(i.TIM_TIxExternalClockConfig), (62 bytes).
    Removing stm32f10x_tim.o(i.TIM_TimeBaseStructInit), (18 bytes).
    Removing stm32f10x_tim.o(i.TIM_UpdateDisableConfig), (24 bytes).
    Removing stm32f10x_tim.o(i.TIM_UpdateRequestConfig), (24 bytes).
    Removing stm32f10x_wwdg.o(i.WWDG_ClearFlag), (12 bytes).
    Removing stm32f10x_wwdg.o(i.WWDG_DeInit), (22 bytes).
    Removing stm32f10x_wwdg.o(i.WWDG_Enable), (16 bytes).
    Removing stm32f10x_wwdg.o(i.WWDG_EnableIT), (12 bytes).
    Removing stm32f10x_wwdg.o(i.WWDG_GetFlagStatus), (12 bytes).
    Removing stm32f10x_wwdg.o(i.WWDG_SetCounter), (16 bytes).
    Removing stm32f10x_wwdg.o(i.WWDG_SetPrescaler), (24 bytes).
    Removing stm32f10x_wwdg.o(i.WWDG_SetWindowValue), (40 bytes).
    Removing stm32f10x_adc.o(i.ADC_AnalogWatchdogCmd), (20 bytes).
    Removing stm32f10x_adc.o(i.ADC_AnalogWatchdogSingleChannelConfig), (16 bytes).
    Removing stm32f10x_adc.o(i.ADC_AnalogWatchdogThresholdsConfig), (6 bytes).
    Removing stm32f10x_adc.o(i.ADC_AutoInjectedConvCmd), (22 bytes).
    Removing stm32f10x_adc.o(i.ADC_ClearFlag), (6 bytes).
    Removing stm32f10x_adc.o(i.ADC_ClearITPendingBit), (10 bytes).
    Removing stm32f10x_adc.o(i.ADC_DeInit), (92 bytes).
    Removing stm32f10x_adc.o(i.ADC_DiscModeChannelCountConfig), (24 bytes).
    Removing stm32f10x_adc.o(i.ADC_DiscModeCmd), (22 bytes).
    Removing stm32f10x_adc.o(i.ADC_ExternalTrigConvCmd), (22 bytes).
    Removing stm32f10x_adc.o(i.ADC_ExternalTrigInjectedConvCmd), (22 bytes).
    Removing stm32f10x_adc.o(i.ADC_ExternalTrigInjectedConvConfig), (16 bytes).
    Removing stm32f10x_adc.o(i.ADC_GetConversionValue), (8 bytes).
    Removing stm32f10x_adc.o(i.ADC_GetDualModeConversionValue), (12 bytes).
    Removing stm32f10x_adc.o(i.ADC_GetFlagStatus), (18 bytes).
    Removing stm32f10x_adc.o(i.ADC_GetITStatus), (36 bytes).
    Removing stm32f10x_adc.o(i.ADC_GetInjectedConversionValue), (28 bytes).
    Removing stm32f10x_adc.o(i.ADC_GetSoftwareStartConvStatus), (20 bytes).
    Removing stm32f10x_adc.o(i.ADC_GetSoftwareStartInjectedConvCmdStatus), (20 bytes).
    Removing stm32f10x_adc.o(i.ADC_ITConfig), (24 bytes).
    Removing stm32f10x_adc.o(i.ADC_InjectedChannelConfig), (130 bytes).
    Removing stm32f10x_adc.o(i.ADC_InjectedDiscModeCmd), (22 bytes).
    Removing stm32f10x_adc.o(i.ADC_InjectedSequencerLengthConfig), (24 bytes).
    Removing stm32f10x_adc.o(i.ADC_SetInjectedOffset), (20 bytes).
    Removing stm32f10x_adc.o(i.ADC_SoftwareStartInjectedConvCmd), (22 bytes).
    Removing stm32f10x_adc.o(i.ADC_StructInit), (18 bytes).
    Removing stm32f10x_flash.o(i.FLASH_ClearFlag), (12 bytes).
    Removing stm32f10x_flash.o(i.FLASH_EnableWriteProtection), (196 bytes).
    Removing stm32f10x_flash.o(i.FLASH_EraseAllBank1Pages), (72 bytes).
    Removing stm32f10x_flash.o(i.FLASH_EraseAllPages), (72 bytes).
    Removing stm32f10x_flash.o(i.FLASH_EraseOptionBytes), (168 bytes).
    Removing stm32f10x_flash.o(i.FLASH_ErasePage), (76 bytes).
    Removing stm32f10x_flash.o(i.FLASH_GetBank1Status), (52 bytes).
    Removing stm32f10x_flash.o(i.FLASH_GetFlagStatus), (48 bytes).
    Removing stm32f10x_flash.o(i.FLASH_GetPrefetchBufferStatus), (24 bytes).
    Removing stm32f10x_flash.o(i.FLASH_GetReadOutProtectionStatus), (24 bytes).
    Removing stm32f10x_flash.o(i.FLASH_GetStatus), (52 bytes).
    Removing stm32f10x_flash.o(i.FLASH_GetUserOptionByte), (12 bytes).
    Removing stm32f10x_flash.o(i.FLASH_GetWriteProtectionOptionByte), (12 bytes).
    Removing stm32f10x_flash.o(i.FLASH_HalfCycleAccessCmd), (28 bytes).
    Removing stm32f10x_flash.o(i.FLASH_ITConfig), (32 bytes).
    Removing stm32f10x_flash.o(i.FLASH_Lock), (20 bytes).
    Removing stm32f10x_flash.o(i.FLASH_LockBank1), (20 bytes).
    Removing stm32f10x_flash.o(i.FLASH_ProgramHalfWord), (64 bytes).
    Removing stm32f10x_flash.o(i.FLASH_ProgramOptionByteData), (84 bytes).
    Removing stm32f10x_flash.o(i.FLASH_ProgramWord), (108 bytes).
    Removing stm32f10x_flash.o(i.FLASH_ReadOutProtection), (172 bytes).
    Removing stm32f10x_flash.o(i.FLASH_Unlock), (24 bytes).
    Removing stm32f10x_flash.o(i.FLASH_UnlockBank1), (24 bytes).
    Removing stm32f10x_flash.o(i.FLASH_UserOptionByteConfig), (104 bytes).
    Removing stm32f10x_flash.o(i.FLASH_WaitForLastBank1Operation), (38 bytes).
    Removing stm32f10x_flash.o(i.FLASH_WaitForLastOperation), (38 bytes).
    Removing startup_stm32f10x_md_1.o(HEAP), (512 bytes).

211 unused section(s) (total 9933 bytes) removed from the image.

==============================================================================

Image Symbol Table

    Local Symbols

    Symbol Name                              Value     Ov Type        Size  Object(Section)

    ../clib/microlib/init/entry.s            0x00000000   Number         0  entry8b.o ABSOLUTE
    ../clib/microlib/init/entry.s            0x00000000   Number         0  entry11a.o ABSOLUTE
    ../clib/microlib/init/entry.s            0x00000000   Number         0  entry10b.o ABSOLUTE
    ../clib/microlib/init/entry.s            0x00000000   Number         0  entry10a.o ABSOLUTE
    ../clib/microlib/init/entry.s            0x00000000   Number         0  entry9b.o ABSOLUTE
    ../clib/microlib/init/entry.s            0x00000000   Number         0  entry9a.o ABSOLUTE
    ../clib/microlib/init/entry.s            0x00000000   Number         0  entry8a.o ABSOLUTE
    ../clib/microlib/init/entry.s            0x00000000   Number         0  entry2.o ABSOLUTE
    ../clib/microlib/init/entry.s            0x00000000   Number         0  entry5.o ABSOLUTE
    ../clib/microlib/init/entry.s            0x00000000   Number         0  entry.o ABSOLUTE
    ../clib/microlib/init/entry.s            0x00000000   Number         0  entry7a.o ABSOLUTE
    ../clib/microlib/init/entry.s            0x00000000   Number         0  entry7b.o ABSOLUTE
    ../clib/microlib/init/entry.s            0x00000000   Number         0  entry11b.o ABSOLUTE
    ../clib/microlib/longlong.c              0x00000000   Number         0  llsshr.o ABSOLUTE
    ../clib/microlib/longlong.c              0x00000000   Number         0  llushr.o ABSOLUTE
    ../clib/microlib/longlong.c              0x00000000   Number         0  llshl.o ABSOLUTE
    ../clib/microlib/malloc/calloc.c         0x00000000   Number         0  calloc.o ABSOLUTE
    ../clib/microlib/malloc/malloc.c         0x00000000   Number         0  malloc.o ABSOLUTE
    ../clib/microlib/malloc/malloc.c         0x00000000   Number         0  mallocr.o ABSOLUTE
    ../clib/microlib/malloc/malloc.c         0x00000000   Number         0  malloca.o ABSOLUTE
    ../clib/microlib/malloc/malloc.c         0x00000000   Number         0  mallocra.o ABSOLUTE
    ../clib/microlib/malloc/mvars.c          0x00000000   Number         0  mvars.o ABSOLUTE
    ../clib/microlib/string/memcpy.c         0x00000000   Number         0  memcpyb.o ABSOLUTE
    ../clib/microlib/string/memcpy.c         0x00000000   Number         0  memcpya.o ABSOLUTE
    ../clib/microlib/string/memset.c         0x00000000   Number         0  memseta.o ABSOLUTE
    ../clib/microlib/stubs.s                 0x00000000   Number         0  iusefp.o ABSOLUTE
    ../fplib/microlib/d2f.c                  0x00000000   Number         0  d2f.o ABSOLUTE
    ../fplib/microlib/f2d.c                  0x00000000   Number         0  f2d.o ABSOLUTE
    ../fplib/microlib/fpadd.c                0x00000000   Number         0  dadd.o ABSOLUTE
    ../fplib/microlib/fpadd.c                0x00000000   Number         0  fadd.o ABSOLUTE
    ../fplib/microlib/fpdiv.c                0x00000000   Number         0  ddiv.o ABSOLUTE
    ../fplib/microlib/fpdiv.c                0x00000000   Number         0  fdiv.o ABSOLUTE
    ../fplib/microlib/fpepilogue.c           0x00000000   Number         0  depilogue.o ABSOLUTE
    ../fplib/microlib/fpepilogue.c           0x00000000   Number         0  fepilogue.o ABSOLUTE
    ../fplib/microlib/fpfix.c                0x00000000   Number         0  ffixui.o ABSOLUTE
    ../fplib/microlib/fpfix.c                0x00000000   Number         0  dfixui.o ABSOLUTE
    ../fplib/microlib/fpfix.c                0x00000000   Number         0  ffixi.o ABSOLUTE
    ../fplib/microlib/fpflt.c                0x00000000   Number         0  ffltui.o ABSOLUTE
    ../fplib/microlib/fpflt.c                0x00000000   Number         0  fflti.o ABSOLUTE
    ../fplib/microlib/fpflt.c                0x00000000   Number         0  dfltui.o ABSOLUTE
    ../fplib/microlib/fpmul.c                0x00000000   Number         0  fmul.o ABSOLUTE
    ../fplib/microlib/fpmul.c                0x00000000   Number         0  dmul.o ABSOLUTE
    CMSIS\\core_cm3.c                        0x00000000   Number         0  core_cm3.o ABSOLUTE
    CMSIS\core_cm3.c                         0x00000000   Number         0  core_cm3.o ABSOLUTE
    CMSIS\stm32f10x_it.c                     0x00000000   Number         0  stm32f10x_it.o ABSOLUTE
    RTE\Device\STM32F103C8\startup_stm32f10x_md.s 0x00000000   Number         0  startup_stm32f10x_md_1.o ABSOLUTE
    RTE\Device\STM32F103C8\system_stm32f10x.c 0x00000000   Number         0  system_stm32f10x_1.o ABSOLUTE
    STM32F10x_StdPeriph_Driver\src\misc.c    0x00000000   Number         0  misc.o ABSOLUTE
    STM32F10x_StdPeriph_Driver\src\stm32f10x_adc.c 0x00000000   Number         0  stm32f10x_adc.o ABSOLUTE
    STM32F10x_StdPeriph_Driver\src\stm32f10x_can.c 0x00000000   Number         0  stm32f10x_can.o ABSOLUTE
    STM32F10x_StdPeriph_Driver\src\stm32f10x_dma.c 0x00000000   Number         0  stm32f10x_dma.o ABSOLUTE
    STM32F10x_StdPeriph_Driver\src\stm32f10x_exti.c 0x00000000   Number         0  stm32f10x_exti.o ABSOLUTE
    STM32F10x_StdPeriph_Driver\src\stm32f10x_flash.c 0x00000000   Number         0  stm32f10x_flash.o ABSOLUTE
    STM32F10x_StdPeriph_Driver\src\stm32f10x_gpio.c 0x00000000   Number         0  stm32f10x_gpio.o ABSOLUTE
    STM32F10x_StdPeriph_Driver\src\stm32f10x_rcc.c 0x00000000   Number         0  stm32f10x_rcc.o ABSOLUTE
    STM32F10x_StdPeriph_Driver\src\stm32f10x_tim.c 0x00000000   Number         0  stm32f10x_tim.o ABSOLUTE
    STM32F10x_StdPeriph_Driver\src\stm32f10x_wwdg.c 0x00000000   Number         0  stm32f10x_wwdg.o ABSOLUTE
    User_ADC.c                               0x00000000   Number         0  user_adc.o ABSOLUTE
    User_Algorithm.c                         0x00000000   Number         0  user_algorithm.o ABSOLUTE
    User_CAN.c                               0x00000000   Number         0  user_can.o ABSOLUTE
    User_Delay.c                             0x00000000   Number         0  user_delay.o ABSOLUTE
    User_HALLSensor.c                        0x00000000   Number         0  user_hallsensor.o ABSOLUTE
    User_PWM.c                               0x00000000   Number         0  user_pwm.o ABSOLUTE
    User_ResetHardfault.c                    0x00000000   Number         0  user_resethardfault.o ABSOLUTE
    cdcmple.s                                0x00000000   Number         0  cdcmple.o ABSOLUTE
    cdrcmple.s                               0x00000000   Number         0  cdrcmple.o ABSOLUTE
    cfcmple.s                                0x00000000   Number         0  cfcmple.o ABSOLUTE
    cfrcmple.s                               0x00000000   Number         0  cfrcmple.o ABSOLUTE
    dc.s                                     0x00000000   Number         0  dc.o ABSOLUTE
    filter.c                                 0x00000000   Number         0  filter.o ABSOLUTE
    handlers.s                               0x00000000   Number         0  handlers.o ABSOLUTE
    init.s                                   0x00000000   Number         0  init.o ABSOLUTE
    main.c                                   0x00000000   Number         0  main.o ABSOLUTE
    matrix.c                                 0x00000000   Number         0  matrix.o ABSOLUTE
    RESET                                    0x08000000   Section      236  startup_stm32f10x_md_1.o(RESET)
    .ARM.Collect$$$$00000000                 0x080000ec   Section        0  entry.o(.ARM.Collect$$$$00000000)
    .ARM.Collect$$$$00000001                 0x080000ec   Section        4  entry2.o(.ARM.Collect$$$$00000001)
    .ARM.Collect$$$$00000004                 0x080000f0   Section        4  entry5.o(.ARM.Collect$$$$00000004)
    .ARM.Collect$$$$00000008                 0x080000f4   Section        0  entry7b.o(.ARM.Collect$$$$00000008)
    .ARM.Collect$$$$0000000A                 0x080000f4   Section        0  entry8b.o(.ARM.Collect$$$$0000000A)
    .ARM.Collect$$$$0000000B                 0x080000f4   Section        8  entry9a.o(.ARM.Collect$$$$0000000B)
    .ARM.Collect$$$$0000000D                 0x080000fc   Section        0  entry10a.o(.ARM.Collect$$$$0000000D)
    .ARM.Collect$$$$0000000F                 0x080000fc   Section        0  entry11a.o(.ARM.Collect$$$$0000000F)
    .ARM.Collect$$$$00002712                 0x080000fc   Section        4  entry2.o(.ARM.Collect$$$$00002712)
    __lit__00000000                          0x080000fc   Data           4  entry2.o(.ARM.Collect$$$$00002712)
    .text                                    0x08000100   Section       36  startup_stm32f10x_md_1.o(.text)
    .text                                    0x08000124   Section        0  memcpya.o(.text)
    .text                                    0x08000148   Section        0  fadd.o(.text)
    .text                                    0x080001f8   Section        0  fmul.o(.text)
    .text                                    0x0800025c   Section        0  fdiv.o(.text)
    .text                                    0x080002d8   Section        0  dadd.o(.text)
    .text                                    0x08000426   Section        0  dmul.o(.text)
    .text                                    0x0800050a   Section        0  ddiv.o(.text)
    .text                                    0x080005e8   Section        0  fflti.o(.text)
    .text                                    0x080005fa   Section        0  ffltui.o(.text)
    .text                                    0x08000604   Section        0  dfltui.o(.text)
    .text                                    0x0800061e   Section        0  ffixi.o(.text)
    .text                                    0x08000650   Section        0  ffixui.o(.text)
    .text                                    0x08000678   Section        0  dfixui.o(.text)
    .text                                    0x080006aa   Section        0  f2d.o(.text)
    .text                                    0x080006d0   Section       48  cdcmple.o(.text)
    .text                                    0x08000700   Section       48  cdrcmple.o(.text)
    .text                                    0x08000730   Section        0  d2f.o(.text)
    .text                                    0x08000768   Section       20  cfcmple.o(.text)
    .text                                    0x0800077c   Section       20  cfrcmple.o(.text)
    .text                                    0x08000790   Section        0  llshl.o(.text)
    .text                                    0x080007ae   Section        0  llushr.o(.text)
    .text                                    0x080007ce   Section        0  llsshr.o(.text)
    .text                                    0x080007f2   Section        0  fepilogue.o(.text)
    .text                                    0x080007f2   Section        0  iusefp.o(.text)
    .text                                    0x08000860   Section        0  depilogue.o(.text)
    .text                                    0x0800091c   Section       36  init.o(.text)
    i.ADC_Cmd                                0x08000940   Section        0  stm32f10x_adc.o(i.ADC_Cmd)
    i.ADC_DMACmd                             0x08000956   Section        0  stm32f10x_adc.o(i.ADC_DMACmd)
    i.ADC_GetCalibrationStatus               0x0800096c   Section        0  stm32f10x_adc.o(i.ADC_GetCalibrationStatus)
    i.ADC_GetResetCalibrationStatus          0x08000980   Section        0  stm32f10x_adc.o(i.ADC_GetResetCalibrationStatus)
    i.ADC_Init                               0x08000994   Section        0  stm32f10x_adc.o(i.ADC_Init)
    i.ADC_RegularChannelConfig               0x080009e4   Section        0  stm32f10x_adc.o(i.ADC_RegularChannelConfig)
    i.ADC_ResetCalibration                   0x08000a9c   Section        0  stm32f10x_adc.o(i.ADC_ResetCalibration)
    i.ADC_SoftwareStartConvCmd               0x08000aa6   Section        0  stm32f10x_adc.o(i.ADC_SoftwareStartConvCmd)
    i.ADC_StartCalibration                   0x08000abc   Section        0  stm32f10x_adc.o(i.ADC_StartCalibration)
    i.ADC_TempSensorVrefintCmd               0x08000ac8   Section        0  stm32f10x_adc.o(i.ADC_TempSensorVrefintCmd)
    i.BusFault_Handler                       0x08000aec   Section        0  stm32f10x_it.o(i.BusFault_Handler)
    i.CAN_DeInit                             0x08000af0   Section        0  stm32f10x_can.o(i.CAN_DeInit)
    i.CAN_FilterInit                         0x08000b28   Section        0  stm32f10x_can.o(i.CAN_FilterInit)
    i.CAN_ITConfig                           0x08000c30   Section        0  stm32f10x_can.o(i.CAN_ITConfig)
    i.CAN_Init                               0x08000c42   Section        0  stm32f10x_can.o(i.CAN_Init)
    i.CAN_Receive                            0x08000d56   Section        0  stm32f10x_can.o(i.CAN_Receive)
    i.CAN_StructInit                         0x08000e46   Section        0  stm32f10x_can.o(i.CAN_StructInit)
    i.CAN_Transmit                           0x08000e66   Section        0  stm32f10x_can.o(i.CAN_Transmit)
    i.CAN_TransmitStatus                     0x08000f8c   Section        0  stm32f10x_can.o(i.CAN_TransmitStatus)
    i.Clock_HSE_Configuration                0x0800102c   Section        0  main.o(i.Clock_HSE_Configuration)
    i.DMA1_Channel1_IRQHandler               0x080010a4   Section        0  user_adc.o(i.DMA1_Channel1_IRQHandler)
    i.DMA_ClearITPendingBit                  0x080011d4   Section        0  stm32f10x_dma.o(i.DMA_ClearITPendingBit)
    i.DMA_Cmd                                0x080011f0   Section        0  stm32f10x_dma.o(i.DMA_Cmd)
    i.DMA_DeInit                             0x08001208   Section        0  stm32f10x_dma.o(i.DMA_DeInit)
    i.DMA_GetITStatus                        0x08001354   Section        0  stm32f10x_dma.o(i.DMA_GetITStatus)
    i.DMA_ITConfig                           0x08001380   Section        0  stm32f10x_dma.o(i.DMA_ITConfig)
    i.DMA_Init                               0x08001392   Section        0  stm32f10x_dma.o(i.DMA_Init)
    i.DebugMon_Handler                       0x080013ce   Section        0  stm32f10x_it.o(i.DebugMon_Handler)
    i.EXTI0_IRQHandler                       0x080013d0   Section        0  user_hallsensor.o(i.EXTI0_IRQHandler)
    i.EXTI1_IRQHandler                       0x0800149c   Section        0  user_hallsensor.o(i.EXTI1_IRQHandler)
    i.EXTI2_IRQHandler                       0x080014d0   Section        0  user_hallsensor.o(i.EXTI2_IRQHandler)
    i.EXTI_ClearITPendingBit                 0x08001504   Section        0  stm32f10x_exti.o(i.EXTI_ClearITPendingBit)
    i.EXTI_GetITStatus                       0x08001510   Section        0  stm32f10x_exti.o(i.EXTI_GetITStatus)
    i.EXTI_Init                              0x08001538   Section        0  stm32f10x_exti.o(i.EXTI_Init)
    i.FLASH_PrefetchBufferCmd                0x080015cc   Section        0  stm32f10x_flash.o(i.FLASH_PrefetchBufferCmd)
    i.FLASH_SetLatency                       0x080015e8   Section        0  stm32f10x_flash.o(i.FLASH_SetLatency)
    i.GPIO_EXTILineConfig                    0x08001600   Section        0  stm32f10x_gpio.o(i.GPIO_EXTILineConfig)
    i.GPIO_Init                              0x08001640   Section        0  stm32f10x_gpio.o(i.GPIO_Init)
    i.GPIO_ReadInputData                     0x08001756   Section        0  stm32f10x_gpio.o(i.GPIO_ReadInputData)
    i.HardFault_Handler                      0x0800175e   Section        0  stm32f10x_it.o(i.HardFault_Handler)
    i.MemManage_Handler                      0x08001762   Section        0  stm32f10x_it.o(i.MemManage_Handler)
    i.NMI_Handler                            0x08001766   Section        0  stm32f10x_it.o(i.NMI_Handler)
    i.NVIC_Init                              0x08001768   Section        0  misc.o(i.NVIC_Init)
    i.NVIC_PriorityGroupConfig               0x080017d8   Section        0  misc.o(i.NVIC_PriorityGroupConfig)
    i.PendSV_Handler                         0x080017ec   Section        0  stm32f10x_it.o(i.PendSV_Handler)
    i.RCC_ADCCLKConfig                       0x080017f0   Section        0  stm32f10x_rcc.o(i.RCC_ADCCLKConfig)
    i.RCC_AHBPeriphClockCmd                  0x08001808   Section        0  stm32f10x_rcc.o(i.RCC_AHBPeriphClockCmd)
    i.RCC_APB1PeriphClockCmd                 0x08001828   Section        0  stm32f10x_rcc.o(i.RCC_APB1PeriphClockCmd)
    i.RCC_APB1PeriphResetCmd                 0x08001848   Section        0  stm32f10x_rcc.o(i.RCC_APB1PeriphResetCmd)
    i.RCC_APB2PeriphClockCmd                 0x08001868   Section        0  stm32f10x_rcc.o(i.RCC_APB2PeriphClockCmd)
    i.RCC_APB2PeriphResetCmd                 0x08001888   Section        0  stm32f10x_rcc.o(i.RCC_APB2PeriphResetCmd)
    i.RCC_DeInit                             0x080018a8   Section        0  stm32f10x_rcc.o(i.RCC_DeInit)
    i.RCC_GetClocksFreq                      0x080018f4   Section        0  stm32f10x_rcc.o(i.RCC_GetClocksFreq)
    i.RCC_GetFlagStatus                      0x080019c8   Section        0  stm32f10x_rcc.o(i.RCC_GetFlagStatus)
    i.RCC_GetSYSCLKSource                    0x08001a04   Section        0  stm32f10x_rcc.o(i.RCC_GetSYSCLKSource)
    i.RCC_HCLKConfig                         0x08001a14   Section        0  stm32f10x_rcc.o(i.RCC_HCLKConfig)
    i.RCC_HSEConfig                          0x08001a2c   Section        0  stm32f10x_rcc.o(i.RCC_HSEConfig)
    i.RCC_PCLK1Config                        0x08001a78   Section        0  stm32f10x_rcc.o(i.RCC_PCLK1Config)
    i.RCC_PCLK2Config                        0x08001a90   Section        0  stm32f10x_rcc.o(i.RCC_PCLK2Config)
    i.RCC_PLLCmd                             0x08001aa8   Section        0  stm32f10x_rcc.o(i.RCC_PLLCmd)
    i.RCC_PLLConfig                          0x08001ab4   Section        0  stm32f10x_rcc.o(i.RCC_PLLConfig)
    i.RCC_SYSCLKConfig                       0x08001ad0   Section        0  stm32f10x_rcc.o(i.RCC_SYSCLKConfig)
    i.RCC_WaitForHSEStartUp                  0x08001ae8   Section        0  stm32f10x_rcc.o(i.RCC_WaitForHSEStartUp)
    i.SVC_Handler                            0x08001b20   Section        0  stm32f10x_it.o(i.SVC_Handler)
    i.SetSysClock                            0x08001b22   Section        0  system_stm32f10x_1.o(i.SetSysClock)
    SetSysClock                              0x08001b23   Thumb Code     8  system_stm32f10x_1.o(i.SetSysClock)
    i.SetSysClockTo72                        0x08001b2c   Section        0  system_stm32f10x_1.o(i.SetSysClockTo72)
    SetSysClockTo72                          0x08001b2d   Thumb Code   214  system_stm32f10x_1.o(i.SetSysClockTo72)
    i.SysTick_Handler                        0x08001c0c   Section        0  stm32f10x_it.o(i.SysTick_Handler)
    i.SystemCoreClockUpdate                  0x08001c1c   Section        0  system_stm32f10x_1.o(i.SystemCoreClockUpdate)
    i.SystemInit                             0x08001cc0   Section        0  system_stm32f10x_1.o(i.SystemInit)
    i.TIM4_IRQHandler                        0x08001d20   Section        0  user_hallsensor.o(i.TIM4_IRQHandler)
    i.TIM_BDTRConfig                         0x08001e24   Section        0  stm32f10x_tim.o(i.TIM_BDTRConfig)
    i.TIM_CCxCmd                             0x08001e44   Section        0  stm32f10x_tim.o(i.TIM_CCxCmd)
    i.TIM_CCxNCmd                            0x08001e62   Section        0  stm32f10x_tim.o(i.TIM_CCxNCmd)
    i.TIM_ClearFlag                          0x08001e80   Section        0  stm32f10x_tim.o(i.TIM_ClearFlag)
    i.TIM_ClearITPendingBit                  0x08001e86   Section        0  stm32f10x_tim.o(i.TIM_ClearITPendingBit)
    i.TIM_Cmd                                0x08001e8c   Section        0  stm32f10x_tim.o(i.TIM_Cmd)
    i.TIM_CtrlPWMOutputs                     0x08001ea4   Section        0  stm32f10x_tim.o(i.TIM_CtrlPWMOutputs)
    i.TIM_DeInit                             0x08001ec4   Section        0  stm32f10x_tim.o(i.TIM_DeInit)
    i.TIM_GetCapture1                        0x080020ac   Section        0  stm32f10x_tim.o(i.TIM_GetCapture1)
    i.TIM_GetCounter                         0x080020b2   Section        0  stm32f10x_tim.o(i.TIM_GetCounter)
    i.TIM_GetFlagStatus                      0x080020b8   Section        0  stm32f10x_tim.o(i.TIM_GetFlagStatus)
    i.TIM_GetITStatus                        0x080020ca   Section        0  stm32f10x_tim.o(i.TIM_GetITStatus)
    i.TIM_ITConfig                           0x080020ec   Section        0  stm32f10x_tim.o(i.TIM_ITConfig)
    i.TIM_OC1Init                            0x08002100   Section        0  stm32f10x_tim.o(i.TIM_OC1Init)
    i.TIM_OC1PreloadConfig                   0x08002198   Section        0  stm32f10x_tim.o(i.TIM_OC1PreloadConfig)
    i.TIM_OC2Init                            0x080021ac   Section        0  stm32f10x_tim.o(i.TIM_OC2Init)
    i.TIM_OC2PreloadConfig                   0x08002250   Section        0  stm32f10x_tim.o(i.TIM_OC2PreloadConfig)
    i.TIM_OC3Init                            0x0800226c   Section        0  stm32f10x_tim.o(i.TIM_OC3Init)
    i.TIM_OC3PreloadConfig                   0x0800230c   Section        0  stm32f10x_tim.o(i.TIM_OC3PreloadConfig)
    i.TIM_SelectOCxM                         0x0800231e   Section        0  stm32f10x_tim.o(i.TIM_SelectOCxM)
    i.TIM_SetCompare1                        0x08002370   Section        0  stm32f10x_tim.o(i.TIM_SetCompare1)
    i.TIM_SetCompare2                        0x08002374   Section        0  stm32f10x_tim.o(i.TIM_SetCompare2)
    i.TIM_SetCompare3                        0x08002378   Section        0  stm32f10x_tim.o(i.TIM_SetCompare3)
    i.TIM_SetCounter                         0x0800237c   Section        0  stm32f10x_tim.o(i.TIM_SetCounter)
    i.TIM_TimeBaseInit                       0x08002380   Section        0  stm32f10x_tim.o(i.TIM_TimeBaseInit)
    i.UADC_ADC_DMA_Configure                 0x08002424   Section        0  user_adc.o(i.UADC_ADC_DMA_Configure)
    i.UADC_GPIO_Configure                    0x08002554   Section        0  user_adc.o(i.UADC_GPIO_Configure)
    i.UADC_GetAvrValue                       0x08002580   Section        0  user_adc.o(i.UADC_GetAvrValue)
    i.UADC_GetBytesConverted                 0x080025c0   Section        0  user_adc.o(i.UADC_GetBytesConverted)
    i.UADC_GetValue                          0x08002678   Section        0  user_adc.o(i.UADC_GetValue)
    i.UALTHM_Controller                      0x080026a4   Section        0  user_algorithm.o(i.UALTHM_Controller)
    i.UALTHM_FUZZY                           0x08002708   Section        0  user_algorithm.o(i.UALTHM_FUZZY)
    i.UALTHM_GetBytesSetSpeed                0x080029a0   Section        0  user_algorithm.o(i.UALTHM_GetBytesSetSpeed)
    i.UALTHM_PID_v1                          0x080029e8   Section        0  user_algorithm.o(i.UALTHM_PID_v1)
    i.UALTHM_UpdateParameters                0x08002b44   Section        0  user_algorithm.o(i.UALTHM_UpdateParameters)
    i.UCAN_CAN_Configure                     0x08002bf4   Section        0  user_can.o(i.UCAN_CAN_Configure)
    i.UCAN_Checksum                          0x08002d60   Section        0  user_can.o(i.UCAN_Checksum)
    i.UCAN_GPIO_Configure                    0x08002d80   Section        0  user_can.o(i.UCAN_GPIO_Configure)
    i.UCAN_GetFlag                           0x08002dc8   Section        0  user_can.o(i.UCAN_GetFlag)
    i.UCAN_ResetFlag                         0x08002e00   Section        0  user_can.o(i.UCAN_ResetFlag)
    i.UCAN_StickedMotor                      0x08002e14   Section        0  user_can.o(i.UCAN_StickedMotor)
    i.UCAN_SystemOverLoad                    0x08002e58   Section        0  user_can.o(i.UCAN_SystemOverLoad)
    i.UCAN_Transmit                          0x08002e9c   Section        0  user_can.o(i.UCAN_Transmit)
    i.UDELAY_Configure                       0x08002f00   Section        0  user_delay.o(i.UDELAY_Configure)
    i.UDELAY_ms                              0x08002f30   Section        0  user_delay.o(i.UDELAY_ms)
    i.UDELAY_us                              0x08002f80   Section        0  user_delay.o(i.UDELAY_us)
    i.UFUZZY_Trap_mf                         0x08002fd0   Section        0  user_algorithm.o(i.UFUZZY_Trap_mf)
    i.UHALL_GPIO_Configure                   0x08003010   Section        0  user_hallsensor.o(i.UHALL_GPIO_Configure)
    i.UHALL_GetActualSpeed                   0x0800311c   Section        0  user_hallsensor.o(i.UHALL_GetActualSpeed)
    i.UHALL_GetBytesActualSpeed              0x0800313c   Section        0  user_hallsensor.o(i.UHALL_GetBytesActualSpeed)
    i.UHALL_GetHALLHA                        0x08003178   Section        0  user_hallsensor.o(i.UHALL_GetHALLHA)
    i.UHALL_GetHALLHB                        0x08003184   Section        0  user_hallsensor.o(i.UHALL_GetHALLHB)
    i.UHALL_GetHALLHC                        0x08003190   Section        0  user_hallsensor.o(i.UHALL_GetHALLHC)
    i.UHALL_GetHALLLA                        0x0800319c   Section        0  user_hallsensor.o(i.UHALL_GetHALLLA)
    i.UHALL_GetHALLLB                        0x080031a8   Section        0  user_hallsensor.o(i.UHALL_GetHALLLB)
    i.UHALL_GetHALLLC                        0x080031b4   Section        0  user_hallsensor.o(i.UHALL_GetHALLLC)
    i.UHALL_MotorStatus                      0x080031c0   Section        0  user_hallsensor.o(i.UHALL_MotorStatus)
    i.UHALL_ReadPosition                     0x080031e0   Section        0  user_hallsensor.o(i.UHALL_ReadPosition)
    i.UHALL_ResetPosHall                     0x08003320   Section        0  user_hallsensor.o(i.UHALL_ResetPosHall)
    i.UHALL_ResetTimerCheckVeloMotor         0x08003350   Section        0  user_hallsensor.o(i.UHALL_ResetTimerCheckVeloMotor)
    i.UHALL_TIM_Configure                    0x0800335c   Section        0  user_hallsensor.o(i.UHALL_TIM_Configure)
    i.UPWM_ControlBLDCFET                    0x080033bc   Section        0  user_pwm.o(i.UPWM_ControlBLDCFET)
    i.UPWM_GPIO_Configure                    0x080034c8   Section        0  user_pwm.o(i.UPWM_GPIO_Configure)
    i.UPWM_GetBytesDutyCycle                 0x08003538   Section        0  user_pwm.o(i.UPWM_GetBytesDutyCycle)
    i.UPWM_GetRefDutyCycle                   0x080035c8   Section        0  user_pwm.o(i.UPWM_GetRefDutyCycle)
    i.UPWM_SetBytesDutyCycle                 0x08003614   Section        0  user_pwm.o(i.UPWM_SetBytesDutyCycle)
    i.UPWM_SetDutyCycle                      0x08003660   Section        0  user_pwm.o(i.UPWM_SetDutyCycle)
    i.UPWM_StopPWM                           0x08003718   Section        0  user_pwm.o(i.UPWM_StopPWM)
    i.UPWM_TIM_Configure                     0x08003778   Section        0  user_pwm.o(i.UPWM_TIM_Configure)
    i.USB_LP_CAN1_RX0_IRQHandler             0x0800387c   Section        0  user_can.o(i.USB_LP_CAN1_RX0_IRQHandler)
    i.UsageFault_Handler                     0x08004070   Section        0  stm32f10x_it.o(i.UsageFault_Handler)
    i.__scatterload_copy                     0x08004074   Section       14  handlers.o(i.__scatterload_copy)
    i.__scatterload_null                     0x08004082   Section        2  handlers.o(i.__scatterload_null)
    i.__scatterload_zeroinit                 0x08004084   Section       14  handlers.o(i.__scatterload_zeroinit)
    i.main                                   0x08004094   Section        0  main.o(i.main)
    .constdata                               0x0800415c   Section       96  user_hallsensor.o(.constdata)
    BLDC_MOTOR_BRIDGE_STATE_CW               0x0800415c   Data          48  user_hallsensor.o(.constdata)
    BLDC_MOTOR_BRIDGE_STATE_CCW              0x0800418c   Data          48  user_hallsensor.o(.constdata)
    .constdata                               0x080041bc   Section       60  user_algorithm.o(.constdata)
    .data                                    0x20000000   Section       41  main.o(.data)
    .data                                    0x2000002c   Section       12  user_pwm.o(.data)
    UPWM_DutyCycle                           0x20000030   Data           4  user_pwm.o(.data)
    UPWM_RefDutyCycle                        0x20000034   Data           4  user_pwm.o(.data)
    .data                                    0x20000038   Section       36  user_hallsensor.o(.data)
    UHALL_Position                           0x20000038   Data           6  user_hallsensor.o(.data)
    NewPosHall                               0x2000003e   Data           2  user_hallsensor.o(.data)
    OldPosHall                               0x20000040   Data           2  user_hallsensor.o(.data)
    Timer_Overload                           0x20000042   Data           2  user_hallsensor.o(.data)
    Timer_Check_iMotor                       0x20000044   Data           2  user_hallsensor.o(.data)
    Timer_Check_VeloMotor                    0x20000046   Data           2  user_hallsensor.o(.data)
    Timer_CounterPerRevolution               0x20000048   Data           4  user_hallsensor.o(.data)
    Timer_FilterCounterPerRevolution         0x2000004c   Data           4  user_hallsensor.o(.data)
    Timer_RPM                                0x20000050   Data           4  user_hallsensor.o(.data)
    PoleCounts                               0x20000054   Data           1  user_hallsensor.o(.data)
    UALTHM_Time_Control                      0x20000055   Data           1  user_hallsensor.o(.data)
    Motor_Running                            0x20000056   Data           1  user_hallsensor.o(.data)
    UHALL_ActualSpeed                        0x20000058   Data           4  user_hallsensor.o(.data)
    .data                                    0x2000005c   Section       47  user_can.o(.data)
    _IDCANBUS_ARM_1                          0x2000005c   Data           4  user_can.o(.data)
    _IDCANBUS_ARM_2                          0x20000060   Data           4  user_can.o(.data)
    _IDCANBUS_MASS_SHIFTER                   0x20000064   Data           4  user_can.o(.data)
    _IDCANBUS_PISTOL                         0x20000068   Data           4  user_can.o(.data)
    _IDCANBUS_THRUSTER                       0x2000006c   Data           4  user_can.o(.data)
    _IDCANBUS_EPC                            0x20000070   Data           4  user_can.o(.data)
    Flag                                     0x20000085   Data           6  user_can.o(.data)
    .data                                    0x2000008c   Section       24  user_algorithm.o(.data)
    UpdateParameters                         0x2000008c   Data           4  user_algorithm.o(.data)
    UALTHM_SetSpeed                          0x20000090   Data           4  user_algorithm.o(.data)
    SpeedError                               0x20000094   Data           4  user_algorithm.o(.data)
    Pre_SpeedError                           0x20000098   Data           4  user_algorithm.o(.data)
    Pre_Pre_SpeedError                       0x2000009c   Data           4  user_algorithm.o(.data)
    _DutyCycle                               0x200000a0   Data           4  user_algorithm.o(.data)
    .data                                    0x200000a4   Section       12  user_adc.o(.data)
    UADC_Temp_On_Chip                        0x200000a4   Data           4  user_adc.o(.data)
    UADC_Temp_LM35                           0x200000a8   Data           4  user_adc.o(.data)
    UADC_iMotor                              0x200000ac   Data           4  user_adc.o(.data)
    .data                                    0x200000b0   Section       20  stm32f10x_rcc.o(.data)
    APBAHBPrescTable                         0x200000b0   Data          16  stm32f10x_rcc.o(.data)
    ADCPrescTable                            0x200000c0   Data           4  stm32f10x_rcc.o(.data)
    .data                                    0x200000c4   Section       20  system_stm32f10x_1.o(.data)
    .bss                                     0x200000d8   Section       20  main.o(.bss)
    .bss                                     0x200000ec   Section       20  user_can.o(.bss)
    .bss                                     0x20000100   Section       36  user_algorithm.o(.bss)
    PID_Parameter                            0x20000100   Data          12  user_algorithm.o(.bss)
    Fuzzy_Parameter                          0x2000010c   Data          12  user_algorithm.o(.bss)
    PID_part                                 0x20000118   Data          12  user_algorithm.o(.bss)
    .bss                                     0x20000124   Section       40  user_adc.o(.bss)
    ADC_ConvertedValue                       0x20000124   Data          40  user_adc.o(.bss)
    .bss                                     0x2000014c   Section       10  user_delay.o(.bss)
    TIM_TimeBaseStructure                    0x2000014c   Data          10  user_delay.o(.bss)
    STACK                                    0x20000158   Section     4095  startup_stm32f10x_md_1.o(STACK)

    Global Symbols

    Symbol Name                              Value     Ov Type        Size  Object(Section)

    BuildAttributes$$THM_ISAv4$P$D$K$B$S$PE$A:L22UL41UL21$X:L11$S22US41US21$IEEE1$IW$USESV6$~STKCKD$USESV7$~SHL$OTIME$ROPI$EBA8$MICROLIB$REQ8$PRES8$EABIv2 0x00000000   Number         0  anon$$obj.o ABSOLUTE
    __ARM_use_no_argv                        0x00000000   Number         0  main.o ABSOLUTE
    __cpp_initialize__aeabi_                  - Undefined Weak Reference
    __cxa_finalize                            - Undefined Weak Reference
    __decompress                              - Undefined Weak Reference
    _clock_init                               - Undefined Weak Reference
    _microlib_exit                            - Undefined Weak Reference
    __Vectors_Size                           0x000000ec   Number         0  startup_stm32f10x_md_1.o ABSOLUTE
    __Vectors                                0x08000000   Data           4  startup_stm32f10x_md_1.o(RESET)
    __Vectors_End                            0x080000ec   Data           0  startup_stm32f10x_md_1.o(RESET)
    __main                                   0x080000ed   Thumb Code     0  entry.o(.ARM.Collect$$$$00000000)
    _main_stk                                0x080000ed   Thumb Code     0  entry2.o(.ARM.Collect$$$$00000001)
    _main_scatterload                        0x080000f1   Thumb Code     0  entry5.o(.ARM.Collect$$$$00000004)
    __main_after_scatterload                 0x080000f5   Thumb Code     0  entry5.o(.ARM.Collect$$$$00000004)
    _main_clock                              0x080000f5   Thumb Code     0  entry7b.o(.ARM.Collect$$$$00000008)
    _main_cpp_init                           0x080000f5   Thumb Code     0  entry8b.o(.ARM.Collect$$$$0000000A)
    _main_init                               0x080000f5   Thumb Code     0  entry9a.o(.ARM.Collect$$$$0000000B)
    __rt_final_cpp                           0x080000fd   Thumb Code     0  entry10a.o(.ARM.Collect$$$$0000000D)
    __rt_final_exit                          0x080000fd   Thumb Code     0  entry11a.o(.ARM.Collect$$$$0000000F)
    Reset_Handler                            0x08000101   Thumb Code     8  startup_stm32f10x_md_1.o(.text)
    ADC1_2_IRQHandler                        0x0800011b   Thumb Code     0  startup_stm32f10x_md_1.o(.text)
    CAN1_RX1_IRQHandler                      0x0800011b   Thumb Code     0  startup_stm32f10x_md_1.o(.text)
    CAN1_SCE_IRQHandler                      0x0800011b   Thumb Code     0  startup_stm32f10x_md_1.o(.text)
    DMA1_Channel2_IRQHandler                 0x0800011b   Thumb Code     0  startup_stm32f10x_md_1.o(.text)
    DMA1_Channel3_IRQHandler                 0x0800011b   Thumb Code     0  startup_stm32f10x_md_1.o(.text)
    DMA1_Channel4_IRQHandler                 0x0800011b   Thumb Code     0  startup_stm32f10x_md_1.o(.text)
    DMA1_Channel5_IRQHandler                 0x0800011b   Thumb Code     0  startup_stm32f10x_md_1.o(.text)
    DMA1_Channel6_IRQHandler                 0x0800011b   Thumb Code     0  startup_stm32f10x_md_1.o(.text)
    DMA1_Channel7_IRQHandler                 0x0800011b   Thumb Code     0  startup_stm32f10x_md_1.o(.text)
    EXTI15_10_IRQHandler                     0x0800011b   Thumb Code     0  startup_stm32f10x_md_1.o(.text)
    EXTI3_IRQHandler                         0x0800011b   Thumb Code     0  startup_stm32f10x_md_1.o(.text)
    EXTI4_IRQHandler                         0x0800011b   Thumb Code     0  startup_stm32f10x_md_1.o(.text)
    EXTI9_5_IRQHandler                       0x0800011b   Thumb Code     0  startup_stm32f10x_md_1.o(.text)
    FLASH_IRQHandler                         0x0800011b   Thumb Code     0  startup_stm32f10x_md_1.o(.text)
    I2C1_ER_IRQHandler                       0x0800011b   Thumb Code     0  startup_stm32f10x_md_1.o(.text)
    I2C1_EV_IRQHandler                       0x0800011b   Thumb Code     0  startup_stm32f10x_md_1.o(.text)
    I2C2_ER_IRQHandler                       0x0800011b   Thumb Code     0  startup_stm32f10x_md_1.o(.text)
    I2C2_EV_IRQHandler                       0x0800011b   Thumb Code     0  startup_stm32f10x_md_1.o(.text)
    PVD_IRQHandler                           0x0800011b   Thumb Code     0  startup_stm32f10x_md_1.o(.text)
    RCC_IRQHandler                           0x0800011b   Thumb Code     0  startup_stm32f10x_md_1.o(.text)
    RTCAlarm_IRQHandler                      0x0800011b   Thumb Code     0  startup_stm32f10x_md_1.o(.text)
    RTC_IRQHandler                           0x0800011b   Thumb Code     0  startup_stm32f10x_md_1.o(.text)
    SPI1_IRQHandler                          0x0800011b   Thumb Code     0  startup_stm32f10x_md_1.o(.text)
    SPI2_IRQHandler                          0x0800011b   Thumb Code     0  startup_stm32f10x_md_1.o(.text)
    TAMPER_IRQHandler                        0x0800011b   Thumb Code     0  startup_stm32f10x_md_1.o(.text)
    TIM1_BRK_IRQHandler                      0x0800011b   Thumb Code     0  startup_stm32f10x_md_1.o(.text)
    TIM1_CC_IRQHandler                       0x0800011b   Thumb Code     0  startup_stm32f10x_md_1.o(.text)
    TIM1_TRG_COM_IRQHandler                  0x0800011b   Thumb Code     0  startup_stm32f10x_md_1.o(.text)
    TIM1_UP_IRQHandler                       0x0800011b   Thumb Code     0  startup_stm32f10x_md_1.o(.text)
    TIM2_IRQHandler                          0x0800011b   Thumb Code     0  startup_stm32f10x_md_1.o(.text)
    TIM3_IRQHandler                          0x0800011b   Thumb Code     0  startup_stm32f10x_md_1.o(.text)
    USART1_IRQHandler                        0x0800011b   Thumb Code     0  startup_stm32f10x_md_1.o(.text)
    USART2_IRQHandler                        0x0800011b   Thumb Code     0  startup_stm32f10x_md_1.o(.text)
    USART3_IRQHandler                        0x0800011b   Thumb Code     0  startup_stm32f10x_md_1.o(.text)
    USBWakeUp_IRQHandler                     0x0800011b   Thumb Code     0  startup_stm32f10x_md_1.o(.text)
    USB_HP_CAN1_TX_IRQHandler                0x0800011b   Thumb Code     0  startup_stm32f10x_md_1.o(.text)
    WWDG_IRQHandler                          0x0800011b   Thumb Code     0  startup_stm32f10x_md_1.o(.text)
    __aeabi_memcpy                           0x08000125   Thumb Code    36  memcpya.o(.text)
    __aeabi_memcpy4                          0x08000125   Thumb Code     0  memcpya.o(.text)
    __aeabi_memcpy8                          0x08000125   Thumb Code     0  memcpya.o(.text)
    __aeabi_fadd                             0x08000149   Thumb Code   164  fadd.o(.text)
    __aeabi_fsub                             0x080001ed   Thumb Code     6  fadd.o(.text)
    __aeabi_frsub                            0x080001f3   Thumb Code     6  fadd.o(.text)
    __aeabi_fmul                             0x080001f9   Thumb Code   100  fmul.o(.text)
    __aeabi_fdiv                             0x0800025d   Thumb Code   124  fdiv.o(.text)
    __aeabi_dadd                             0x080002d9   Thumb Code   322  dadd.o(.text)
    __aeabi_dsub                             0x0800041b   Thumb Code     6  dadd.o(.text)
    __aeabi_drsub                            0x08000421   Thumb Code     6  dadd.o(.text)
    __aeabi_dmul                             0x08000427   Thumb Code   228  dmul.o(.text)
    __aeabi_ddiv                             0x0800050b   Thumb Code   222  ddiv.o(.text)
    __aeabi_i2f                              0x080005e9   Thumb Code    18  fflti.o(.text)
    __aeabi_ui2f                             0x080005fb   Thumb Code    10  ffltui.o(.text)
    __aeabi_ui2d                             0x08000605   Thumb Code    26  dfltui.o(.text)
    __aeabi_f2iz                             0x0800061f   Thumb Code    50  ffixi.o(.text)
    __aeabi_f2uiz                            0x08000651   Thumb Code    40  ffixui.o(.text)
    __aeabi_d2uiz                            0x08000679   Thumb Code    50  dfixui.o(.text)
    __aeabi_f2d                              0x080006ab   Thumb Code    38  f2d.o(.text)
    __aeabi_cdcmpeq                          0x080006d1   Thumb Code     0  cdcmple.o(.text)
    __aeabi_cdcmple                          0x080006d1   Thumb Code    48  cdcmple.o(.text)
    __aeabi_cdrcmple                         0x08000701   Thumb Code    48  cdrcmple.o(.text)
    __aeabi_d2f                              0x08000731   Thumb Code    56  d2f.o(.text)
    __aeabi_cfcmpeq                          0x08000769   Thumb Code     0  cfcmple.o(.text)
    __aeabi_cfcmple                          0x08000769   Thumb Code    20  cfcmple.o(.text)
    __aeabi_cfrcmple                         0x0800077d   Thumb Code    20  cfrcmple.o(.text)
    __aeabi_llsl                             0x08000791   Thumb Code    30  llshl.o(.text)
    _ll_shift_l                              0x08000791   Thumb Code     0  llshl.o(.text)
    __aeabi_llsr                             0x080007af   Thumb Code    32  llushr.o(.text)
    _ll_ushift_r                             0x080007af   Thumb Code     0  llushr.o(.text)
    __aeabi_lasr                             0x080007cf   Thumb Code    36  llsshr.o(.text)
    _ll_sshift_r                             0x080007cf   Thumb Code     0  llsshr.o(.text)
    __I$use$fp                               0x080007f3   Thumb Code     0  iusefp.o(.text)
    _float_round                             0x080007f3   Thumb Code    18  fepilogue.o(.text)
    _float_epilogue                          0x08000805   Thumb Code    92  fepilogue.o(.text)
    _double_round                            0x08000861   Thumb Code    30  depilogue.o(.text)
    _double_epilogue                         0x0800087f   Thumb Code   156  depilogue.o(.text)
    __scatterload                            0x0800091d   Thumb Code    28  init.o(.text)
    __scatterload_rt2                        0x0800091d   Thumb Code     0  init.o(.text)
    ADC_Cmd                                  0x08000941   Thumb Code    22  stm32f10x_adc.o(i.ADC_Cmd)
    ADC_DMACmd                               0x08000957   Thumb Code    22  stm32f10x_adc.o(i.ADC_DMACmd)
    ADC_GetCalibrationStatus                 0x0800096d   Thumb Code    20  stm32f10x_adc.o(i.ADC_GetCalibrationStatus)
    ADC_GetResetCalibrationStatus            0x08000981   Thumb Code    20  stm32f10x_adc.o(i.ADC_GetResetCalibrationStatus)
    ADC_Init                                 0x08000995   Thumb Code    70  stm32f10x_adc.o(i.ADC_Init)
    ADC_RegularChannelConfig                 0x080009e5   Thumb Code   184  stm32f10x_adc.o(i.ADC_RegularChannelConfig)
    ADC_ResetCalibration                     0x08000a9d   Thumb Code    10  stm32f10x_adc.o(i.ADC_ResetCalibration)
    ADC_SoftwareStartConvCmd                 0x08000aa7   Thumb Code    22  stm32f10x_adc.o(i.ADC_SoftwareStartConvCmd)
    ADC_StartCalibration                     0x08000abd   Thumb Code    10  stm32f10x_adc.o(i.ADC_StartCalibration)
    ADC_TempSensorVrefintCmd                 0x08000ac9   Thumb Code    30  stm32f10x_adc.o(i.ADC_TempSensorVrefintCmd)
    BusFault_Handler                         0x08000aed   Thumb Code     4  stm32f10x_it.o(i.BusFault_Handler)
    CAN_DeInit                               0x08000af1   Thumb Code    50  stm32f10x_can.o(i.CAN_DeInit)
    CAN_FilterInit                           0x08000b29   Thumb Code   258  stm32f10x_can.o(i.CAN_FilterInit)
    CAN_ITConfig                             0x08000c31   Thumb Code    18  stm32f10x_can.o(i.CAN_ITConfig)
    CAN_Init                                 0x08000c43   Thumb Code   276  stm32f10x_can.o(i.CAN_Init)
    CAN_Receive                              0x08000d57   Thumb Code   240  stm32f10x_can.o(i.CAN_Receive)
    CAN_StructInit                           0x08000e47   Thumb Code    32  stm32f10x_can.o(i.CAN_StructInit)
    CAN_Transmit                             0x08000e67   Thumb Code   294  stm32f10x_can.o(i.CAN_Transmit)
    CAN_TransmitStatus                       0x08000f8d   Thumb Code   138  stm32f10x_can.o(i.CAN_TransmitStatus)
    Clock_HSE_Configuration                  0x0800102d   Thumb Code   116  main.o(i.Clock_HSE_Configuration)
    DMA1_Channel1_IRQHandler                 0x080010a5   Thumb Code   246  user_adc.o(i.DMA1_Channel1_IRQHandler)
    DMA_ClearITPendingBit                    0x080011d5   Thumb Code    18  stm32f10x_dma.o(i.DMA_ClearITPendingBit)
    DMA_Cmd                                  0x080011f1   Thumb Code    24  stm32f10x_dma.o(i.DMA_Cmd)
    DMA_DeInit                               0x08001209   Thumb Code   324  stm32f10x_dma.o(i.DMA_DeInit)
    DMA_GetITStatus                          0x08001355   Thumb Code    36  stm32f10x_dma.o(i.DMA_GetITStatus)
    DMA_ITConfig                             0x08001381   Thumb Code    18  stm32f10x_dma.o(i.DMA_ITConfig)
    DMA_Init                                 0x08001393   Thumb Code    60  stm32f10x_dma.o(i.DMA_Init)
    DebugMon_Handler                         0x080013cf   Thumb Code     2  stm32f10x_it.o(i.DebugMon_Handler)
    EXTI0_IRQHandler                         0x080013d1   Thumb Code   176  user_hallsensor.o(i.EXTI0_IRQHandler)
    EXTI1_IRQHandler                         0x0800149d   Thumb Code    52  user_hallsensor.o(i.EXTI1_IRQHandler)
    EXTI2_IRQHandler                         0x080014d1   Thumb Code    52  user_hallsensor.o(i.EXTI2_IRQHandler)
    EXTI_ClearITPendingBit                   0x08001505   Thumb Code     6  stm32f10x_exti.o(i.EXTI_ClearITPendingBit)
    EXTI_GetITStatus                         0x08001511   Thumb Code    34  stm32f10x_exti.o(i.EXTI_GetITStatus)
    EXTI_Init                                0x08001539   Thumb Code   142  stm32f10x_exti.o(i.EXTI_Init)
    FLASH_PrefetchBufferCmd                  0x080015cd   Thumb Code    22  stm32f10x_flash.o(i.FLASH_PrefetchBufferCmd)
    FLASH_SetLatency                         0x080015e9   Thumb Code    18  stm32f10x_flash.o(i.FLASH_SetLatency)
    GPIO_EXTILineConfig                      0x08001601   Thumb Code    60  stm32f10x_gpio.o(i.GPIO_EXTILineConfig)
    GPIO_Init                                0x08001641   Thumb Code   278  stm32f10x_gpio.o(i.GPIO_Init)
    GPIO_ReadInputData                       0x08001757   Thumb Code     8  stm32f10x_gpio.o(i.GPIO_ReadInputData)
    HardFault_Handler                        0x0800175f   Thumb Code     4  stm32f10x_it.o(i.HardFault_Handler)
    MemManage_Handler                        0x08001763   Thumb Code     4  stm32f10x_it.o(i.MemManage_Handler)
    NMI_Handler                              0x08001767   Thumb Code     2  stm32f10x_it.o(i.NMI_Handler)
    NVIC_Init                                0x08001769   Thumb Code   100  misc.o(i.NVIC_Init)
    NVIC_PriorityGroupConfig                 0x080017d9   Thumb Code    10  misc.o(i.NVIC_PriorityGroupConfig)
    PendSV_Handler                           0x080017ed   Thumb Code     2  stm32f10x_it.o(i.PendSV_Handler)
    RCC_ADCCLKConfig                         0x080017f1   Thumb Code    18  stm32f10x_rcc.o(i.RCC_ADCCLKConfig)
    RCC_AHBPeriphClockCmd                    0x08001809   Thumb Code    26  stm32f10x_rcc.o(i.RCC_AHBPeriphClockCmd)
    RCC_APB1PeriphClockCmd                   0x08001829   Thumb Code    26  stm32f10x_rcc.o(i.RCC_APB1PeriphClockCmd)
    RCC_APB1PeriphResetCmd                   0x08001849   Thumb Code    26  stm32f10x_rcc.o(i.RCC_APB1PeriphResetCmd)
    RCC_APB2PeriphClockCmd                   0x08001869   Thumb Code    26  stm32f10x_rcc.o(i.RCC_APB2PeriphClockCmd)
    RCC_APB2PeriphResetCmd                   0x08001889   Thumb Code    26  stm32f10x_rcc.o(i.RCC_APB2PeriphResetCmd)
    RCC_DeInit                               0x080018a9   Thumb Code    64  stm32f10x_rcc.o(i.RCC_DeInit)
    RCC_GetClocksFreq                        0x080018f5   Thumb Code   192  stm32f10x_rcc.o(i.RCC_GetClocksFreq)
    RCC_GetFlagStatus                        0x080019c9   Thumb Code    56  stm32f10x_rcc.o(i.RCC_GetFlagStatus)
    RCC_GetSYSCLKSource                      0x08001a05   Thumb Code    10  stm32f10x_rcc.o(i.RCC_GetSYSCLKSource)
    RCC_HCLKConfig                           0x08001a15   Thumb Code    18  stm32f10x_rcc.o(i.RCC_HCLKConfig)
    RCC_HSEConfig                            0x08001a2d   Thumb Code    70  stm32f10x_rcc.o(i.RCC_HSEConfig)
    RCC_PCLK1Config                          0x08001a79   Thumb Code    18  stm32f10x_rcc.o(i.RCC_PCLK1Config)
    RCC_PCLK2Config                          0x08001a91   Thumb Code    20  stm32f10x_rcc.o(i.RCC_PCLK2Config)
    RCC_PLLCmd                               0x08001aa9   Thumb Code     6  stm32f10x_rcc.o(i.RCC_PLLCmd)
    RCC_PLLConfig                            0x08001ab5   Thumb Code    24  stm32f10x_rcc.o(i.RCC_PLLConfig)
    RCC_SYSCLKConfig                         0x08001ad1   Thumb Code    18  stm32f10x_rcc.o(i.RCC_SYSCLKConfig)
    RCC_WaitForHSEStartUp                    0x08001ae9   Thumb Code    56  stm32f10x_rcc.o(i.RCC_WaitForHSEStartUp)
    SVC_Handler                              0x08001b21   Thumb Code     2  stm32f10x_it.o(i.SVC_Handler)
    SysTick_Handler                          0x08001c0d   Thumb Code    12  stm32f10x_it.o(i.SysTick_Handler)
    SystemCoreClockUpdate                    0x08001c1d   Thumb Code   142  system_stm32f10x_1.o(i.SystemCoreClockUpdate)
    SystemInit                               0x08001cc1   Thumb Code    78  system_stm32f10x_1.o(i.SystemInit)
    TIM4_IRQHandler                          0x08001d21   Thumb Code   232  user_hallsensor.o(i.TIM4_IRQHandler)
    TIM_BDTRConfig                           0x08001e25   Thumb Code    32  stm32f10x_tim.o(i.TIM_BDTRConfig)
    TIM_CCxCmd                               0x08001e45   Thumb Code    30  stm32f10x_tim.o(i.TIM_CCxCmd)
    TIM_CCxNCmd                              0x08001e63   Thumb Code    30  stm32f10x_tim.o(i.TIM_CCxNCmd)
    TIM_ClearFlag                            0x08001e81   Thumb Code     6  stm32f10x_tim.o(i.TIM_ClearFlag)
    TIM_ClearITPendingBit                    0x08001e87   Thumb Code     6  stm32f10x_tim.o(i.TIM_ClearITPendingBit)
    TIM_Cmd                                  0x08001e8d   Thumb Code    24  stm32f10x_tim.o(i.TIM_Cmd)
    TIM_CtrlPWMOutputs                       0x08001ea5   Thumb Code    30  stm32f10x_tim.o(i.TIM_CtrlPWMOutputs)
    TIM_DeInit                               0x08001ec5   Thumb Code   424  stm32f10x_tim.o(i.TIM_DeInit)
    TIM_GetCapture1                          0x080020ad   Thumb Code     6  stm32f10x_tim.o(i.TIM_GetCapture1)
    TIM_GetCounter                           0x080020b3   Thumb Code     6  stm32f10x_tim.o(i.TIM_GetCounter)
    TIM_GetFlagStatus                        0x080020b9   Thumb Code    18  stm32f10x_tim.o(i.TIM_GetFlagStatus)
    TIM_GetITStatus                          0x080020cb   Thumb Code    34  stm32f10x_tim.o(i.TIM_GetITStatus)
    TIM_ITConfig                             0x080020ed   Thumb Code    18  stm32f10x_tim.o(i.TIM_ITConfig)
    TIM_OC1Init                              0x08002101   Thumb Code   132  stm32f10x_tim.o(i.TIM_OC1Init)
    TIM_OC1PreloadConfig                     0x08002199   Thumb Code    18  stm32f10x_tim.o(i.TIM_OC1PreloadConfig)
    TIM_OC2Init                              0x080021ad   Thumb Code   154  stm32f10x_tim.o(i.TIM_OC2Init)
    TIM_OC2PreloadConfig                     0x08002251   Thumb Code    26  stm32f10x_tim.o(i.TIM_OC2PreloadConfig)
    TIM_OC3Init                              0x0800226d   Thumb Code   150  stm32f10x_tim.o(i.TIM_OC3Init)
    TIM_OC3PreloadConfig                     0x0800230d   Thumb Code    18  stm32f10x_tim.o(i.TIM_OC3PreloadConfig)
    TIM_SelectOCxM                           0x0800231f   Thumb Code    82  stm32f10x_tim.o(i.TIM_SelectOCxM)
    TIM_SetCompare1                          0x08002371   Thumb Code     4  stm32f10x_tim.o(i.TIM_SetCompare1)
    TIM_SetCompare2                          0x08002375   Thumb Code     4  stm32f10x_tim.o(i.TIM_SetCompare2)
    TIM_SetCompare3                          0x08002379   Thumb Code     4  stm32f10x_tim.o(i.TIM_SetCompare3)
    TIM_SetCounter                           0x0800237d   Thumb Code     4  stm32f10x_tim.o(i.TIM_SetCounter)
    TIM_TimeBaseInit                         0x08002381   Thumb Code   122  stm32f10x_tim.o(i.TIM_TimeBaseInit)
    UADC_ADC_DMA_Configure                   0x08002425   Thumb Code   292  user_adc.o(i.UADC_ADC_DMA_Configure)
    UADC_GPIO_Configure                      0x08002555   Thumb Code    38  user_adc.o(i.UADC_GPIO_Configure)
    UADC_GetAvrValue                         0x08002581   Thumb Code    58  user_adc.o(i.UADC_GetAvrValue)
    UADC_GetBytesConverted                   0x080025c1   Thumb Code   170  user_adc.o(i.UADC_GetBytesConverted)
    UADC_GetValue                            0x08002679   Thumb Code    32  user_adc.o(i.UADC_GetValue)
    UALTHM_Controller                        0x080026a5   Thumb Code    92  user_algorithm.o(i.UALTHM_Controller)
    UALTHM_FUZZY                             0x08002709   Thumb Code   634  user_algorithm.o(i.UALTHM_FUZZY)
    UALTHM_GetBytesSetSpeed                  0x080029a1   Thumb Code    62  user_algorithm.o(i.UALTHM_GetBytesSetSpeed)
    UALTHM_PID_v1                            0x080029e9   Thumb Code   300  user_algorithm.o(i.UALTHM_PID_v1)
    UALTHM_UpdateParameters                  0x08002b45   Thumb Code   158  user_algorithm.o(i.UALTHM_UpdateParameters)
    UCAN_CAN_Configure                       0x08002bf5   Thumb Code   342  user_can.o(i.UCAN_CAN_Configure)
    UCAN_Checksum                            0x08002d61   Thumb Code    30  user_can.o(i.UCAN_Checksum)
    UCAN_GPIO_Configure                      0x08002d81   Thumb Code    68  user_can.o(i.UCAN_GPIO_Configure)
    UCAN_GetFlag                             0x08002dc9   Thumb Code    52  user_can.o(i.UCAN_GetFlag)
    UCAN_ResetFlag                           0x08002e01   Thumb Code    16  user_can.o(i.UCAN_ResetFlag)
    UCAN_StickedMotor                        0x08002e15   Thumb Code    56  user_can.o(i.UCAN_StickedMotor)
    UCAN_SystemOverLoad                      0x08002e59   Thumb Code    56  user_can.o(i.UCAN_SystemOverLoad)
    UCAN_Transmit                            0x08002e9d   Thumb Code   100  user_can.o(i.UCAN_Transmit)
    UDELAY_Configure                         0x08002f01   Thumb Code    40  user_delay.o(i.UDELAY_Configure)
    UDELAY_ms                                0x08002f31   Thumb Code    72  user_delay.o(i.UDELAY_ms)
    UDELAY_us                                0x08002f81   Thumb Code    70  user_delay.o(i.UDELAY_us)
    UFUZZY_Trap_mf                           0x08002fd1   Thumb Code    62  user_algorithm.o(i.UFUZZY_Trap_mf)
    UHALL_GPIO_Configure                     0x08003011   Thumb Code   258  user_hallsensor.o(i.UHALL_GPIO_Configure)
    UHALL_GetActualSpeed                     0x0800311d   Thumb Code    24  user_hallsensor.o(i.UHALL_GetActualSpeed)
    UHALL_GetBytesActualSpeed                0x0800313d   Thumb Code    54  user_hallsensor.o(i.UHALL_GetBytesActualSpeed)
    UHALL_GetHALLHA                          0x08003179   Thumb Code     6  user_hallsensor.o(i.UHALL_GetHALLHA)
    UHALL_GetHALLHB                          0x08003185   Thumb Code     6  user_hallsensor.o(i.UHALL_GetHALLHB)
    UHALL_GetHALLHC                          0x08003191   Thumb Code     6  user_hallsensor.o(i.UHALL_GetHALLHC)
    UHALL_GetHALLLA                          0x0800319d   Thumb Code     6  user_hallsensor.o(i.UHALL_GetHALLLA)
    UHALL_GetHALLLB                          0x080031a9   Thumb Code     6  user_hallsensor.o(i.UHALL_GetHALLLB)
    UHALL_GetHALLLC                          0x080031b5   Thumb Code     6  user_hallsensor.o(i.UHALL_GetHALLLC)
    UHALL_MotorStatus                        0x080031c1   Thumb Code    26  user_hallsensor.o(i.UHALL_MotorStatus)
    UHALL_ReadPosition                       0x080031e1   Thumb Code   294  user_hallsensor.o(i.UHALL_ReadPosition)
    UHALL_ResetPosHall                       0x08003321   Thumb Code    28  user_hallsensor.o(i.UHALL_ResetPosHall)
    UHALL_ResetTimerCheckVeloMotor           0x08003351   Thumb Code     8  user_hallsensor.o(i.UHALL_ResetTimerCheckVeloMotor)
    UHALL_TIM_Configure                      0x0800335d   Thumb Code    90  user_hallsensor.o(i.UHALL_TIM_Configure)
    UPWM_ControlBLDCFET                      0x080033bd   Thumb Code   262  user_pwm.o(i.UPWM_ControlBLDCFET)
    UPWM_GPIO_Configure                      0x080034c9   Thumb Code   102  user_pwm.o(i.UPWM_GPIO_Configure)
    UPWM_GetBytesDutyCycle                   0x08003539   Thumb Code   128  user_pwm.o(i.UPWM_GetBytesDutyCycle)
    UPWM_GetRefDutyCycle                     0x080035c9   Thumb Code    60  user_pwm.o(i.UPWM_GetRefDutyCycle)
    UPWM_SetBytesDutyCycle                   0x08003615   Thumb Code    70  user_pwm.o(i.UPWM_SetBytesDutyCycle)
    UPWM_SetDutyCycle                        0x08003661   Thumb Code   172  user_pwm.o(i.UPWM_SetDutyCycle)
    UPWM_StopPWM                             0x08003719   Thumb Code    88  user_pwm.o(i.UPWM_StopPWM)
    UPWM_TIM_Configure                       0x08003779   Thumb Code   244  user_pwm.o(i.UPWM_TIM_Configure)
    USB_LP_CAN1_RX0_IRQHandler               0x0800387d   Thumb Code  2020  user_can.o(i.USB_LP_CAN1_RX0_IRQHandler)
    UsageFault_Handler                       0x08004071   Thumb Code     4  stm32f10x_it.o(i.UsageFault_Handler)
    __scatterload_copy                       0x08004075   Thumb Code    14  handlers.o(i.__scatterload_copy)
    __scatterload_null                       0x08004083   Thumb Code     2  handlers.o(i.__scatterload_null)
    __scatterload_zeroinit                   0x08004085   Thumb Code    14  handlers.o(i.__scatterload_zeroinit)
    main                                     0x08004095   Thumb Code   190  main.o(i.main)
    Region$$Table$$Base                      0x080041f8   Number         0  anon$$obj.o(Region$$Table)
    Region$$Table$$Limit                     0x08004218   Number         0  anon$$obj.o(Region$$Table)
    HSEStartUpStatus                         0x20000000   Data           1  main.o(.data)
    TimingDelay                              0x20000004   Data           4  main.o(.data)
    A                                        0x20000008   Data           4  main.o(.data)
    B                                        0x2000000c   Data           4  main.o(.data)
    C                                        0x20000010   Data           4  main.o(.data)
    PWM                                      0x20000014   Data           4  main.o(.data)
    pHall                                    0x20000018   Data           2  main.o(.data)
    CAN_Data                                 0x2000001a   Data           8  main.o(.data)
    clock_source                             0x20000024   Data           4  main.o(.data)
    CAN_count                                0x20000028   Data           1  main.o(.data)
    UPWM_TimerPeriod                         0x2000002c   Data           2  user_pwm.o(.data)
    CAN_RxMessage                            0x20000074   Data           8  user_can.o(.data)
    CAN_TxData                               0x2000007c   Data           8  user_can.o(.data)
    _checksum                                0x20000084   Data           1  user_can.o(.data)
    SystemCoreClock                          0x200000c4   Data           4  system_stm32f10x_1.o(.data)
    AHBPrescTable                            0x200000c8   Data          16  system_stm32f10x_1.o(.data)
    RCC_ClockFreq                            0x200000d8   Data          20  main.o(.bss)
    RxMessage                                0x200000ec   Data          20  user_can.o(.bss)
    __initial_sp                             0x20001157   Data           0  startup_stm32f10x_md_1.o(STACK)



==============================================================================

Memory Map of the image

  Image Entry point : 0x080000ed

  Load Region LR_IROM1 (Base: 0x08000000, Size: 0x000042f0, Max: 0x00010000, ABSOLUTE)

    Execution Region ER_IROM1 (Exec base: 0x08000000, Load base: 0x08000000, Size: 0x00004218, Max: 0x00010000, ABSOLUTE)

    Exec Addr    Load Addr    Size         Type   Attr      Idx    E Section Name        Object

    0x08000000   0x08000000   0x000000ec   Data   RO         2387    RESET               startup_stm32f10x_md_1.o
    0x080000ec   0x080000ec   0x00000000   Code   RO         2426  * .ARM.Collect$$$$00000000  mc_w.l(entry.o)
    0x080000ec   0x080000ec   0x00000004   Code   RO         2501    .ARM.Collect$$$$00000001  mc_w.l(entry2.o)
    0x080000f0   0x080000f0   0x00000004   Code   RO         2504    .ARM.Collect$$$$00000004  mc_w.l(entry5.o)
    0x080000f4   0x080000f4   0x00000000   Code   RO         2506    .ARM.Collect$$$$00000008  mc_w.l(entry7b.o)
    0x080000f4   0x080000f4   0x00000000   Code   RO         2508    .ARM.Collect$$$$0000000A  mc_w.l(entry8b.o)
    0x080000f4   0x080000f4   0x00000008   Code   RO         2509    .ARM.Collect$$$$0000000B  mc_w.l(entry9a.o)
    0x080000fc   0x080000fc   0x00000000   Code   RO         2511    .ARM.Collect$$$$0000000D  mc_w.l(entry10a.o)
    0x080000fc   0x080000fc   0x00000000   Code   RO         2513    .ARM.Collect$$$$0000000F  mc_w.l(entry11a.o)
    0x080000fc   0x080000fc   0x00000004   Code   RO         2502    .ARM.Collect$$$$00002712  mc_w.l(entry2.o)
    0x08000100   0x08000100   0x00000024   Code   RO         2388    .text               startup_stm32f10x_md_1.o
    0x08000124   0x08000124   0x00000024   Code   RO         2429    .text               mc_w.l(memcpya.o)
    0x08000148   0x08000148   0x000000b0   Code   RO         2465    .text               mf_w.l(fadd.o)
    0x080001f8   0x080001f8   0x00000064   Code   RO         2467    .text               mf_w.l(fmul.o)
    0x0800025c   0x0800025c   0x0000007c   Code   RO         2469    .text               mf_w.l(fdiv.o)
    0x080002d8   0x080002d8   0x0000014e   Code   RO         2471    .text               mf_w.l(dadd.o)
    0x08000426   0x08000426   0x000000e4   Code   RO         2473    .text               mf_w.l(dmul.o)
    0x0800050a   0x0800050a   0x000000de   Code   RO         2475    .text               mf_w.l(ddiv.o)
    0x080005e8   0x080005e8   0x00000012   Code   RO         2477    .text               mf_w.l(fflti.o)
    0x080005fa   0x080005fa   0x0000000a   Code   RO         2479    .text               mf_w.l(ffltui.o)
    0x08000604   0x08000604   0x0000001a   Code   RO         2481    .text               mf_w.l(dfltui.o)
    0x0800061e   0x0800061e   0x00000032   Code   RO         2483    .text               mf_w.l(ffixi.o)
    0x08000650   0x08000650   0x00000028   Code   RO         2485    .text               mf_w.l(ffixui.o)
    0x08000678   0x08000678   0x00000032   Code   RO         2487    .text               mf_w.l(dfixui.o)
    0x080006aa   0x080006aa   0x00000026   Code   RO         2489    .text               mf_w.l(f2d.o)
    0x080006d0   0x080006d0   0x00000030   Code   RO         2491    .text               mf_w.l(cdcmple.o)
    0x08000700   0x08000700   0x00000030   Code   RO         2493    .text               mf_w.l(cdrcmple.o)
    0x08000730   0x08000730   0x00000038   Code   RO         2495    .text               mf_w.l(d2f.o)
    0x08000768   0x08000768   0x00000014   Code   RO         2497    .text               mf_w.l(cfcmple.o)
    0x0800077c   0x0800077c   0x00000014   Code   RO         2499    .text               mf_w.l(cfrcmple.o)
    0x08000790   0x08000790   0x0000001e   Code   RO         2515    .text               mc_w.l(llshl.o)
    0x080007ae   0x080007ae   0x00000020   Code   RO         2517    .text               mc_w.l(llushr.o)
    0x080007ce   0x080007ce   0x00000024   Code   RO         2519    .text               mc_w.l(llsshr.o)
    0x080007f2   0x080007f2   0x00000000   Code   RO         2523    .text               mc_w.l(iusefp.o)
    0x080007f2   0x080007f2   0x0000006e   Code   RO         2524    .text               mf_w.l(fepilogue.o)
    0x08000860   0x08000860   0x000000ba   Code   RO         2526    .text               mf_w.l(depilogue.o)
    0x0800091a   0x0800091a   0x00000002   PAD
    0x0800091c   0x0800091c   0x00000024   Code   RO         2528    .text               mc_w.l(init.o)
    0x08000940   0x08000940   0x00000016   Code   RO         1995    i.ADC_Cmd           stm32f10x_adc.o
    0x08000956   0x08000956   0x00000016   Code   RO         1996    i.ADC_DMACmd        stm32f10x_adc.o
    0x0800096c   0x0800096c   0x00000014   Code   RO         2003    i.ADC_GetCalibrationStatus  stm32f10x_adc.o
    0x08000980   0x08000980   0x00000014   Code   RO         2009    i.ADC_GetResetCalibrationStatus  stm32f10x_adc.o
    0x08000994   0x08000994   0x00000050   Code   RO         2013    i.ADC_Init          stm32f10x_adc.o
    0x080009e4   0x080009e4   0x000000b8   Code   RO         2017    i.ADC_RegularChannelConfig  stm32f10x_adc.o
    0x08000a9c   0x08000a9c   0x0000000a   Code   RO         2018    i.ADC_ResetCalibration  stm32f10x_adc.o
    0x08000aa6   0x08000aa6   0x00000016   Code   RO         2020    i.ADC_SoftwareStartConvCmd  stm32f10x_adc.o
    0x08000abc   0x08000abc   0x0000000a   Code   RO         2022    i.ADC_StartCalibration  stm32f10x_adc.o
    0x08000ac6   0x08000ac6   0x00000002   PAD
    0x08000ac8   0x08000ac8   0x00000024   Code   RO         2024    i.ADC_TempSensorVrefintCmd  stm32f10x_adc.o
    0x08000aec   0x08000aec   0x00000004   Code   RO          666    i.BusFault_Handler  stm32f10x_it.o
    0x08000af0   0x08000af0   0x00000038   Code   RO         1110    i.CAN_DeInit        stm32f10x_can.o
    0x08000b28   0x08000b28   0x00000108   Code   RO         1112    i.CAN_FilterInit    stm32f10x_can.o
    0x08000c30   0x08000c30   0x00000012   Code   RO         1118    i.CAN_ITConfig      stm32f10x_can.o
    0x08000c42   0x08000c42   0x00000114   Code   RO         1119    i.CAN_Init          stm32f10x_can.o
    0x08000d56   0x08000d56   0x000000f0   Code   RO         1122    i.CAN_Receive       stm32f10x_can.o
    0x08000e46   0x08000e46   0x00000020   Code   RO         1125    i.CAN_StructInit    stm32f10x_can.o
    0x08000e66   0x08000e66   0x00000126   Code   RO         1127    i.CAN_Transmit      stm32f10x_can.o
    0x08000f8c   0x08000f8c   0x000000a0   Code   RO         1128    i.CAN_TransmitStatus  stm32f10x_can.o
    0x0800102c   0x0800102c   0x00000078   Code   RO            1    i.Clock_HSE_Configuration  main.o
    0x080010a4   0x080010a4   0x00000130   Code   RO          584    i.DMA1_Channel1_IRQHandler  user_adc.o
    0x080011d4   0x080011d4   0x0000001c   Code   RO         1262    i.DMA_ClearITPendingBit  stm32f10x_dma.o
    0x080011f0   0x080011f0   0x00000018   Code   RO         1263    i.DMA_Cmd           stm32f10x_dma.o
    0x08001208   0x08001208   0x0000014c   Code   RO         1264    i.DMA_DeInit        stm32f10x_dma.o
    0x08001354   0x08001354   0x0000002c   Code   RO         1267    i.DMA_GetITStatus   stm32f10x_dma.o
    0x08001380   0x08001380   0x00000012   Code   RO         1268    i.DMA_ITConfig      stm32f10x_dma.o
    0x08001392   0x08001392   0x0000003c   Code   RO         1269    i.DMA_Init          stm32f10x_dma.o
    0x080013ce   0x080013ce   0x00000002   Code   RO          667    i.DebugMon_Handler  stm32f10x_it.o
    0x080013d0   0x080013d0   0x000000cc   Code   RO          204    i.EXTI0_IRQHandler  user_hallsensor.o
    0x0800149c   0x0800149c   0x00000034   Code   RO          205    i.EXTI1_IRQHandler  user_hallsensor.o
    0x080014d0   0x080014d0   0x00000034   Code   RO          206    i.EXTI2_IRQHandler  user_hallsensor.o
    0x08001504   0x08001504   0x0000000c   Code   RO         1334    i.EXTI_ClearITPendingBit  stm32f10x_exti.o
    0x08001510   0x08001510   0x00000028   Code   RO         1338    i.EXTI_GetITStatus  stm32f10x_exti.o
    0x08001538   0x08001538   0x00000094   Code   RO         1339    i.EXTI_Init         stm32f10x_exti.o
    0x080015cc   0x080015cc   0x0000001c   Code   RO         2228    i.FLASH_PrefetchBufferCmd  stm32f10x_flash.o
    0x080015e8   0x080015e8   0x00000018   Code   RO         2233    i.FLASH_SetLatency  stm32f10x_flash.o
    0x08001600   0x08001600   0x00000040   Code   RO          795    i.GPIO_EXTILineConfig  stm32f10x_gpio.o
    0x08001640   0x08001640   0x00000116   Code   RO          798    i.GPIO_Init         stm32f10x_gpio.o
    0x08001756   0x08001756   0x00000008   Code   RO          801    i.GPIO_ReadInputData  stm32f10x_gpio.o
    0x0800175e   0x0800175e   0x00000004   Code   RO          668    i.HardFault_Handler  stm32f10x_it.o
    0x08001762   0x08001762   0x00000004   Code   RO          669    i.MemManage_Handler  stm32f10x_it.o
    0x08001766   0x08001766   0x00000002   Code   RO          670    i.NMI_Handler       stm32f10x_it.o
    0x08001768   0x08001768   0x00000070   Code   RO          756    i.NVIC_Init         misc.o
    0x080017d8   0x080017d8   0x00000014   Code   RO          757    i.NVIC_PriorityGroupConfig  misc.o
    0x080017ec   0x080017ec   0x00000002   Code   RO          671    i.PendSV_Handler    stm32f10x_it.o
    0x080017ee   0x080017ee   0x00000002   PAD
    0x080017f0   0x080017f0   0x00000018   Code   RO          906    i.RCC_ADCCLKConfig  stm32f10x_rcc.o
    0x08001808   0x08001808   0x00000020   Code   RO          907    i.RCC_AHBPeriphClockCmd  stm32f10x_rcc.o
    0x08001828   0x08001828   0x00000020   Code   RO          908    i.RCC_APB1PeriphClockCmd  stm32f10x_rcc.o
    0x08001848   0x08001848   0x00000020   Code   RO          909    i.RCC_APB1PeriphResetCmd  stm32f10x_rcc.o
    0x08001868   0x08001868   0x00000020   Code   RO          910    i.RCC_APB2PeriphClockCmd  stm32f10x_rcc.o
    0x08001888   0x08001888   0x00000020   Code   RO          911    i.RCC_APB2PeriphResetCmd  stm32f10x_rcc.o
    0x080018a8   0x080018a8   0x0000004c   Code   RO          917    i.RCC_DeInit        stm32f10x_rcc.o
    0x080018f4   0x080018f4   0x000000d4   Code   RO          918    i.RCC_GetClocksFreq  stm32f10x_rcc.o
    0x080019c8   0x080019c8   0x0000003c   Code   RO          919    i.RCC_GetFlagStatus  stm32f10x_rcc.o
    0x08001a04   0x08001a04   0x00000010   Code   RO          921    i.RCC_GetSYSCLKSource  stm32f10x_rcc.o
    0x08001a14   0x08001a14   0x00000018   Code   RO          922    i.RCC_HCLKConfig    stm32f10x_rcc.o
    0x08001a2c   0x08001a2c   0x0000004c   Code   RO          923    i.RCC_HSEConfig     stm32f10x_rcc.o
    0x08001a78   0x08001a78   0x00000018   Code   RO          929    i.RCC_PCLK1Config   stm32f10x_rcc.o
    0x08001a90   0x08001a90   0x00000018   Code   RO          930    i.RCC_PCLK2Config   stm32f10x_rcc.o
    0x08001aa8   0x08001aa8   0x0000000c   Code   RO          931    i.RCC_PLLCmd        stm32f10x_rcc.o
    0x08001ab4   0x08001ab4   0x0000001c   Code   RO          932    i.RCC_PLLConfig     stm32f10x_rcc.o
    0x08001ad0   0x08001ad0   0x00000018   Code   RO          935    i.RCC_SYSCLKConfig  stm32f10x_rcc.o
    0x08001ae8   0x08001ae8   0x00000038   Code   RO          937    i.RCC_WaitForHSEStartUp  stm32f10x_rcc.o
    0x08001b20   0x08001b20   0x00000002   Code   RO          672    i.SVC_Handler       stm32f10x_it.o
    0x08001b22   0x08001b22   0x00000008   Code   RO         2392    i.SetSysClock       system_stm32f10x_1.o
    0x08001b2a   0x08001b2a   0x00000002   PAD
    0x08001b2c   0x08001b2c   0x000000e0   Code   RO         2393    i.SetSysClockTo72   system_stm32f10x_1.o
    0x08001c0c   0x08001c0c   0x00000010   Code   RO          673    i.SysTick_Handler   stm32f10x_it.o
    0x08001c1c   0x08001c1c   0x000000a4   Code   RO         2394    i.SystemCoreClockUpdate  system_stm32f10x_1.o
    0x08001cc0   0x08001cc0   0x00000060   Code   RO         2395    i.SystemInit        system_stm32f10x_1.o
    0x08001d20   0x08001d20   0x00000104   Code   RO          207    i.TIM4_IRQHandler   user_hallsensor.o
    0x08001e24   0x08001e24   0x00000020   Code   RO         1392    i.TIM_BDTRConfig    stm32f10x_tim.o
    0x08001e44   0x08001e44   0x0000001e   Code   RO         1395    i.TIM_CCxCmd        stm32f10x_tim.o
    0x08001e62   0x08001e62   0x0000001e   Code   RO         1396    i.TIM_CCxNCmd       stm32f10x_tim.o
    0x08001e80   0x08001e80   0x00000006   Code   RO         1397    i.TIM_ClearFlag     stm32f10x_tim.o
    0x08001e86   0x08001e86   0x00000006   Code   RO         1398    i.TIM_ClearITPendingBit  stm32f10x_tim.o
    0x08001e8c   0x08001e8c   0x00000018   Code   RO         1403    i.TIM_Cmd           stm32f10x_tim.o
    0x08001ea4   0x08001ea4   0x0000001e   Code   RO         1405    i.TIM_CtrlPWMOutputs  stm32f10x_tim.o
    0x08001ec2   0x08001ec2   0x00000002   PAD
    0x08001ec4   0x08001ec4   0x000001e8   Code   RO         1408    i.TIM_DeInit        stm32f10x_tim.o
    0x080020ac   0x080020ac   0x00000006   Code   RO         1418    i.TIM_GetCapture1   stm32f10x_tim.o
    0x080020b2   0x080020b2   0x00000006   Code   RO         1422    i.TIM_GetCounter    stm32f10x_tim.o
    0x080020b8   0x080020b8   0x00000012   Code   RO         1423    i.TIM_GetFlagStatus  stm32f10x_tim.o
    0x080020ca   0x080020ca   0x00000022   Code   RO         1424    i.TIM_GetITStatus   stm32f10x_tim.o
    0x080020ec   0x080020ec   0x00000012   Code   RO         1428    i.TIM_ITConfig      stm32f10x_tim.o
    0x080020fe   0x080020fe   0x00000002   PAD
    0x08002100   0x08002100   0x00000098   Code   RO         1432    i.TIM_OC1Init       stm32f10x_tim.o
    0x08002198   0x08002198   0x00000012   Code   RO         1435    i.TIM_OC1PreloadConfig  stm32f10x_tim.o
    0x080021aa   0x080021aa   0x00000002   PAD
    0x080021ac   0x080021ac   0x000000a4   Code   RO         1437    i.TIM_OC2Init       stm32f10x_tim.o
    0x08002250   0x08002250   0x0000001a   Code   RO         1440    i.TIM_OC2PreloadConfig  stm32f10x_tim.o
    0x0800226a   0x0800226a   0x00000002   PAD
    0x0800226c   0x0800226c   0x000000a0   Code   RO         1442    i.TIM_OC3Init       stm32f10x_tim.o
    0x0800230c   0x0800230c   0x00000012   Code   RO         1445    i.TIM_OC3PreloadConfig  stm32f10x_tim.o
    0x0800231e   0x0800231e   0x00000052   Code   RO         1458    i.TIM_SelectOCxM    stm32f10x_tim.o
    0x08002370   0x08002370   0x00000004   Code   RO         1464    i.TIM_SetCompare1   stm32f10x_tim.o
    0x08002374   0x08002374   0x00000004   Code   RO         1465    i.TIM_SetCompare2   stm32f10x_tim.o
    0x08002378   0x08002378   0x00000004   Code   RO         1466    i.TIM_SetCompare3   stm32f10x_tim.o
    0x0800237c   0x0800237c   0x00000004   Code   RO         1468    i.TIM_SetCounter    stm32f10x_tim.o
    0x08002380   0x08002380   0x000000a4   Code   RO         1474    i.TIM_TimeBaseInit  stm32f10x_tim.o
    0x08002424   0x08002424   0x00000130   Code   RO          585    i.UADC_ADC_DMA_Configure  user_adc.o
    0x08002554   0x08002554   0x0000002c   Code   RO          586    i.UADC_GPIO_Configure  user_adc.o
    0x08002580   0x08002580   0x00000040   Code   RO          587    i.UADC_GetAvrValue  user_adc.o
    0x080025c0   0x080025c0   0x000000b8   Code   RO          588    i.UADC_GetBytesConverted  user_adc.o
    0x08002678   0x08002678   0x0000002c   Code   RO          589    i.UADC_GetValue     user_adc.o
    0x080026a4   0x080026a4   0x00000064   Code   RO          450    i.UALTHM_Controller  user_algorithm.o
    0x08002708   0x08002708   0x00000298   Code   RO          451    i.UALTHM_FUZZY      user_algorithm.o
    0x080029a0   0x080029a0   0x00000048   Code   RO          452    i.UALTHM_GetBytesSetSpeed  user_algorithm.o
    0x080029e8   0x080029e8   0x0000015c   Code   RO          453    i.UALTHM_PID_v1     user_algorithm.o
    0x08002b44   0x08002b44   0x000000b0   Code   RO          455    i.UALTHM_UpdateParameters  user_algorithm.o
    0x08002bf4   0x08002bf4   0x0000016c   Code   RO          333    i.UCAN_CAN_Configure  user_can.o
    0x08002d60   0x08002d60   0x0000001e   Code   RO          334    i.UCAN_Checksum     user_can.o
    0x08002d7e   0x08002d7e   0x00000002   PAD
    0x08002d80   0x08002d80   0x00000048   Code   RO          335    i.UCAN_GPIO_Configure  user_can.o
    0x08002dc8   0x08002dc8   0x00000038   Code   RO          336    i.UCAN_GetFlag      user_can.o
    0x08002e00   0x08002e00   0x00000014   Code   RO          338    i.UCAN_ResetFlag    user_can.o
    0x08002e14   0x08002e14   0x00000044   Code   RO          339    i.UCAN_StickedMotor  user_can.o
    0x08002e58   0x08002e58   0x00000044   Code   RO          340    i.UCAN_SystemOverLoad  user_can.o
    0x08002e9c   0x08002e9c   0x00000064   Code   RO          341    i.UCAN_Transmit     user_can.o
    0x08002f00   0x08002f00   0x00000030   Code   RO          629    i.UDELAY_Configure  user_delay.o
    0x08002f30   0x08002f30   0x00000050   Code   RO          630    i.UDELAY_ms         user_delay.o
    0x08002f80   0x08002f80   0x00000050   Code   RO          631    i.UDELAY_us         user_delay.o
    0x08002fd0   0x08002fd0   0x0000003e   Code   RO          456    i.UFUZZY_Trap_mf    user_algorithm.o
    0x0800300e   0x0800300e   0x00000002   PAD
    0x08003010   0x08003010   0x0000010c   Code   RO          208    i.UHALL_GPIO_Configure  user_hallsensor.o
    0x0800311c   0x0800311c   0x00000020   Code   RO          209    i.UHALL_GetActualSpeed  user_hallsensor.o
    0x0800313c   0x0800313c   0x0000003c   Code   RO          210    i.UHALL_GetBytesActualSpeed  user_hallsensor.o
    0x08003178   0x08003178   0x0000000c   Code   RO          211    i.UHALL_GetHALLHA   user_hallsensor.o
    0x08003184   0x08003184   0x0000000c   Code   RO          212    i.UHALL_GetHALLHB   user_hallsensor.o
    0x08003190   0x08003190   0x0000000c   Code   RO          213    i.UHALL_GetHALLHC   user_hallsensor.o
    0x0800319c   0x0800319c   0x0000000c   Code   RO          214    i.UHALL_GetHALLLA   user_hallsensor.o
    0x080031a8   0x080031a8   0x0000000c   Code   RO          215    i.UHALL_GetHALLLB   user_hallsensor.o
    0x080031b4   0x080031b4   0x0000000c   Code   RO          216    i.UHALL_GetHALLLC   user_hallsensor.o
    0x080031c0   0x080031c0   0x00000020   Code   RO          218    i.UHALL_MotorStatus  user_hallsensor.o
    0x080031e0   0x080031e0   0x00000140   Code   RO          219    i.UHALL_ReadPosition  user_hallsensor.o
    0x08003320   0x08003320   0x00000030   Code   RO          220    i.UHALL_ResetPosHall  user_hallsensor.o
    0x08003350   0x08003350   0x0000000c   Code   RO          221    i.UHALL_ResetTimerCheckVeloMotor  user_hallsensor.o
    0x0800335c   0x0800335c   0x00000060   Code   RO          222    i.UHALL_TIM_Configure  user_hallsensor.o
    0x080033bc   0x080033bc   0x0000010c   Code   RO          141    i.UPWM_ControlBLDCFET  user_pwm.o
    0x080034c8   0x080034c8   0x00000070   Code   RO          142    i.UPWM_GPIO_Configure  user_pwm.o
    0x08003538   0x08003538   0x00000090   Code   RO          143    i.UPWM_GetBytesDutyCycle  user_pwm.o
    0x080035c8   0x080035c8   0x0000004c   Code   RO          145    i.UPWM_GetRefDutyCycle  user_pwm.o
    0x08003614   0x08003614   0x0000004c   Code   RO          146    i.UPWM_SetBytesDutyCycle  user_pwm.o
    0x08003660   0x08003660   0x000000b8   Code   RO          147    i.UPWM_SetDutyCycle  user_pwm.o
    0x08003718   0x08003718   0x00000060   Code   RO          148    i.UPWM_StopPWM      user_pwm.o
    0x08003778   0x08003778   0x00000104   Code   RO          149    i.UPWM_TIM_Configure  user_pwm.o
    0x0800387c   0x0800387c   0x000007f4   Code   RO          342    i.USB_LP_CAN1_RX0_IRQHandler  user_can.o
    0x08004070   0x08004070   0x00000004   Code   RO          674    i.UsageFault_Handler  stm32f10x_it.o
    0x08004074   0x08004074   0x0000000e   Code   RO         2532    i.__scatterload_copy  mc_w.l(handlers.o)
    0x08004082   0x08004082   0x00000002   Code   RO         2533    i.__scatterload_null  mc_w.l(handlers.o)
    0x08004084   0x08004084   0x0000000e   Code   RO         2534    i.__scatterload_zeroinit  mc_w.l(handlers.o)
    0x08004092   0x08004092   0x00000002   PAD
    0x08004094   0x08004094   0x000000c8   Code   RO            3    i.main              main.o
    0x0800415c   0x0800415c   0x00000060   Data   RO          223    .constdata          user_hallsensor.o
    0x080041bc   0x080041bc   0x0000003c   Data   RO          458    .constdata          user_algorithm.o
    0x080041f8   0x080041f8   0x00000020   Data   RO         2530    Region$$Table       anon$$obj.o


    Execution Region RW_IRAM1 (Exec base: 0x20000000, Load base: 0x08004218, Size: 0x00001158, Max: 0x00005000, ABSOLUTE)

    Exec Addr    Load Addr    Size         Type   Attr      Idx    E Section Name        Object

    0x20000000   0x08004218   0x00000029   Data   RW            5    .data               main.o
    0x20000029   0x08004241   0x00000003   PAD
    0x2000002c   0x08004244   0x0000000c   Data   RW          150    .data               user_pwm.o
    0x20000038   0x08004250   0x00000024   Data   RW          224    .data               user_hallsensor.o
    0x2000005c   0x08004274   0x0000002f   Data   RW          344    .data               user_can.o
    0x2000008b   0x080042a3   0x00000001   PAD
    0x2000008c   0x080042a4   0x00000018   Data   RW          459    .data               user_algorithm.o
    0x200000a4   0x080042bc   0x0000000c   Data   RW          591    .data               user_adc.o
    0x200000b0   0x080042c8   0x00000014   Data   RW          938    .data               stm32f10x_rcc.o
    0x200000c4   0x080042dc   0x00000014   Data   RW         2396    .data               system_stm32f10x_1.o
    0x200000d8        -       0x00000014   Zero   RW            4    .bss                main.o
    0x200000ec        -       0x00000014   Zero   RW          343    .bss                user_can.o
    0x20000100        -       0x00000024   Zero   RW          457    .bss                user_algorithm.o
    0x20000124        -       0x00000028   Zero   RW          590    .bss                user_adc.o
    0x2000014c        -       0x0000000a   Zero   RW          632    .bss                user_delay.o
    0x20000156   0x080042f0   0x00000002   PAD
    0x20000158        -       0x00000fff   Zero   RW         2385    STACK               startup_stm32f10x_md_1.o


==============================================================================

Image component sizes


      Code (inc. data)   RO Data    RW Data    ZI Data      Debug   Object Name

         0          0          0          0          0         32   core_cm3.o
       320         14          0         41         20     278034   main.o
       132         22          0          0          0       1631   misc.o
        36          8        236          0       4095        840   startup_stm32f10x_md_1.o
       426         16          0          0          0       8252   stm32f10x_adc.o
      1340         34          0          0          0       6435   stm32f10x_can.o
       506         26          0          0          0       5347   stm32f10x_dma.o
       200         18          0          0          0       2232   stm32f10x_exti.o
        52         12          0          0          0       1153   stm32f10x_flash.o
       350          4          0          0          0       3251   stm32f10x_gpio.o
        40          4          0          0          0       3938   stm32f10x_it.o
       816        116          0         20          0      13327   stm32f10x_rcc.o
      1528        146          0          0          0      16466   stm32f10x_tim.o
       492         50          0         20          0       3009   system_stm32f10x_1.o
       944        108          0         12         40       4230   user_adc.o
      1422        122         60         24         36       5820   user_algorithm.o
      2814        106          0         47         20      22940   user_can.o
       208         26          0          0         10       1803   user_delay.o
      1508        178         96         36          0      10778   user_hallsensor.o
      1216         90          0         12          0       5420   user_pwm.o

    ----------------------------------------------------------------------
     14368       1100        424        216       4224     394938   Object Totals
         0          0         32          0          0          0   (incl. Generated)
        18          0          0          4          3          0   (incl. Padding)

    ----------------------------------------------------------------------

      Code (inc. data)   RO Data    RW Data    ZI Data      Debug   Library Member Name

         0          0          0          0          0          0   entry.o
         0          0          0          0          0          0   entry10a.o
         0          0          0          0          0          0   entry11a.o
         8          4          0          0          0          0   entry2.o
         4          0          0          0          0          0   entry5.o
         0          0          0          0          0          0   entry7b.o
         0          0          0          0          0          0   entry8b.o
         8          4          0          0          0          0   entry9a.o
        30          0          0          0          0          0   handlers.o
        36          8          0          0          0         68   init.o
         0          0          0          0          0          0   iusefp.o
        30          0          0          0          0         68   llshl.o
        36          0          0          0          0         68   llsshr.o
        32          0          0          0          0         68   llushr.o
        36          0          0          0          0         68   memcpya.o
        48          0          0          0          0         68   cdcmple.o
        48          0          0          0          0         68   cdrcmple.o
        20          0          0          0          0         68   cfcmple.o
        20          0          0          0          0         68   cfrcmple.o
        56          0          0          0          0         88   d2f.o
       334          0          0          0          0        148   dadd.o
       222          0          0          0          0        100   ddiv.o
       186          0          0          0          0        176   depilogue.o
        50          0          0          0          0         76   dfixui.o
        26          0          0          0          0         76   dfltui.o
       228          0          0          0          0         96   dmul.o
        38          0          0          0          0         68   f2d.o
       176          0          0          0          0        140   fadd.o
       124          0          0          0          0         88   fdiv.o
       110          0          0          0          0        168   fepilogue.o
        50          0          0          0          0         68   ffixi.o
        40          0          0          0          0         68   ffixui.o
        18          0          0          0          0         68   fflti.o
        10          0          0          0          0         68   ffltui.o
       100          0          0          0          0         76   fmul.o

    ----------------------------------------------------------------------
      2128         16          0          0          0       2184   Library Totals
         4          0          0          0          0          0   (incl. Padding)

    ----------------------------------------------------------------------

      Code (inc. data)   RO Data    RW Data    ZI Data      Debug   Library Name

       220         16          0          0          0        340   mc_w.l
      1904          0          0          0          0       1844   mf_w.l

    ----------------------------------------------------------------------
      2128         16          0          0          0       2184   Library Totals

    ----------------------------------------------------------------------

==============================================================================


      Code (inc. data)   RO Data    RW Data    ZI Data      Debug   

     16496       1116        424        216       4224     388954   Grand Totals
     16496       1116        424        216       4224     388954   ELF Image Totals
     16496       1116        424        216          0          0   ROM Totals

==============================================================================

    Total RO  Size (Code + RO Data)                16920 (  16.52kB)
    Total RW  Size (RW Data + ZI Data)              4440 (   4.34kB)
    Total ROM Size (Code + RO Data + RW Data)      17136 (  16.73kB)

==============================================================================

